Archive member included because of file (symbol)

/home/jj/ardupilot/build/px4-v2/modules/PX4Firmware/px4io-v2/NuttX/nuttx-export/libs/libnuttx.a(sched-irq_attach.o)
                              CMakeFiles/px4io-v2.dir/__/__/drivers/stm32/drv_hrt.c.obj (irq_attach)
/home/jj/ardupilot/build/px4-v2/modules/PX4Firmware/px4io-v2/NuttX/nuttx-export/libs/libnuttx.a(sched-irq_initialize.o)
                              /home/jj/ardupilot/build/px4-v2/modules/PX4Firmware/px4io-v2/NuttX/nuttx-export/libs/libnuttx.a(sched-irq_attach.o) (g_irqvector)
/home/jj/ardupilot/build/px4-v2/modules/PX4Firmware/px4io-v2/NuttX/nuttx-export/libs/libnuttx.a(sched-irq_unexpectedisr.o)
                              /home/jj/ardupilot/build/px4-v2/modules/PX4Firmware/px4io-v2/NuttX/nuttx-export/libs/libnuttx.a(sched-irq_attach.o) (irq_unexpected_isr)
/home/jj/ardupilot/build/px4-v2/modules/PX4Firmware/px4io-v2/NuttX/nuttx-export/libs/libnuttx.a(c-lib_abort.o)
                              (abort)
/home/jj/ardupilot/build/px4-v2/modules/PX4Firmware/px4io-v2/NuttX/nuttx-export/libs/libnuttx.a(c-lib_cfsetspeed.o)
                              CMakeFiles/px4io-v2.dir/__/__/lib/rc/sbus.c.obj (cfsetspeed)
/home/jj/ardupilot/build/px4-v2/modules/PX4Firmware/px4io-v2/NuttX/nuttx-export/libs/libnuttx.a(c-lib_crc32.o)
                              CMakeFiles/px4io-v2.dir/px4io.c.obj (crc32part)
/home/jj/ardupilot/build/px4-v2/modules/PX4Firmware/px4io-v2/NuttX/nuttx-export/libs/libnuttx.a(c-lib_dprintf.o)
                              CMakeFiles/px4io-v2.dir/__/systemlib/perf_counter.c.obj (dprintf)
/home/jj/ardupilot/build/px4-v2/modules/PX4Firmware/px4io-v2/NuttX/nuttx-export/libs/libnuttx.a(c-lib_lowsyslog.o)
                              CMakeFiles/px4io-v2.dir/px4io.c.obj (lowsyslog)
/home/jj/ardupilot/build/px4-v2/modules/PX4Firmware/px4io-v2/NuttX/nuttx-export/libs/libnuttx.a(c-lib_memchr.o)
                              CMakeFiles/px4io-v2.dir/__/systemlib/mixer/mixer.cpp.obj (memchr)
/home/jj/ardupilot/build/px4-v2/modules/PX4Firmware/px4io-v2/NuttX/nuttx-export/libs/libnuttx.a(c-lib_memcpy.o)
                              CMakeFiles/px4io-v2.dir/mixer.cpp.obj (memcpy)
/home/jj/ardupilot/build/px4-v2/modules/PX4Firmware/px4io-v2/NuttX/nuttx-export/libs/libnuttx.a(c-lib_memset.o)
                              CMakeFiles/px4io-v2.dir/px4io.c.obj (memset)
/home/jj/ardupilot/build/px4-v2/modules/PX4Firmware/px4io-v2/NuttX/nuttx-export/libs/libnuttx.a(c-lib_printf.o)
                              CMakeFiles/px4io-v2.dir/__/systemlib/perf_counter.c.obj (printf)
/home/jj/ardupilot/build/px4-v2/modules/PX4Firmware/px4io-v2/NuttX/nuttx-export/libs/libnuttx.a(c-lib_sscanf.o)
                              CMakeFiles/px4io-v2.dir/__/systemlib/mixer/mixer_multirotor.cpp.obj (sscanf)
/home/jj/ardupilot/build/px4-v2/modules/PX4Firmware/px4io-v2/NuttX/nuttx-export/libs/libnuttx.a(c-lib_strchr.o)
                              /home/jj/ardupilot/build/px4-v2/modules/PX4Firmware/px4io-v2/NuttX/nuttx-export/libs/libnuttx.a(c-lib_sscanf.o) (strchr)
/home/jj/ardupilot/build/px4-v2/modules/PX4Firmware/px4io-v2/NuttX/nuttx-export/libs/libnuttx.a(c-lib_strcmp.o)
                              CMakeFiles/px4io-v2.dir/__/systemlib/perf_counter.c.obj (strcmp)
/home/jj/ardupilot/build/px4-v2/modules/PX4Firmware/px4io-v2/NuttX/nuttx-export/libs/libnuttx.a(c-lib_strcspn.o)
                              /home/jj/ardupilot/build/px4-v2/modules/PX4Firmware/px4io-v2/NuttX/nuttx-export/libs/libnuttx.a(c-lib_sscanf.o) (strcspn)
/home/jj/ardupilot/build/px4-v2/modules/PX4Firmware/px4io-v2/NuttX/nuttx-export/libs/libnuttx.a(c-lib_strncpy.o)
                              /home/jj/ardupilot/build/px4-v2/modules/PX4Firmware/px4io-v2/NuttX/nuttx-export/libs/libnuttx.a(c-lib_sscanf.o) (strncpy)
/home/jj/ardupilot/build/px4-v2/modules/PX4Firmware/px4io-v2/NuttX/nuttx-export/libs/libnuttx.a(c-lib_strtol.o)
                              /home/jj/ardupilot/build/px4-v2/modules/PX4Firmware/px4io-v2/NuttX/nuttx-export/libs/libnuttx.a(c-lib_sscanf.o) (strtol)
/home/jj/ardupilot/build/px4-v2/modules/PX4Firmware/px4io-v2/NuttX/nuttx-export/libs/libnuttx.a(c-lib_strtoul.o)
                              /home/jj/ardupilot/build/px4-v2/modules/PX4Firmware/px4io-v2/NuttX/nuttx-export/libs/libnuttx.a(c-lib_strtol.o) (strtoul)
/home/jj/ardupilot/build/px4-v2/modules/PX4Firmware/px4io-v2/NuttX/nuttx-export/libs/libnuttx.a(c-lib_syslog.o)
                              /home/jj/ardupilot/build/px4-v2/modules/PX4Firmware/px4io-v2/NuttX/nuttx-export/libs/libnuttx.a(c-lib_printf.o) (vsyslog)
/home/jj/ardupilot/build/px4-v2/modules/PX4Firmware/px4io-v2/NuttX/nuttx-export/libs/libnuttx.a(c-lib_tcgetattr.o)
                              CMakeFiles/px4io-v2.dir/__/__/lib/rc/sbus.c.obj (tcgetattr)
/home/jj/ardupilot/build/px4-v2/modules/PX4Firmware/px4io-v2/NuttX/nuttx-export/libs/libnuttx.a(c-lib_tcsetattr.o)
                              CMakeFiles/px4io-v2.dir/__/__/lib/rc/sbus.c.obj (tcsetattr)
[...]
Memory Configuration

Name             Origin             Length             Attributes
flash            0x08001000         0x0000f000         xr
sram             0x20000000         0x00002000         xrw
*default*        0x00000000         0xffffffff

Linker script and memory map

LOAD CMakeFiles/px4io-v2.dir/adc.c.obj
LOAD CMakeFiles/px4io-v2.dir/controls.c.obj
LOAD CMakeFiles/px4io-v2.dir/px4io.c.obj
LOAD CMakeFiles/px4io-v2.dir/registers.c.obj
LOAD CMakeFiles/px4io-v2.dir/safety.c.obj
LOAD CMakeFiles/px4io-v2.dir/__/systemlib/up_cxxinitialize.c.obj
LOAD CMakeFiles/px4io-v2.dir/__/systemlib/perf_counter.c.obj
LOAD CMakeFiles/px4io-v2.dir/mixer.cpp.obj
LOAD CMakeFiles/px4io-v2.dir/__/systemlib/mixer/mixer.cpp.obj
LOAD CMakeFiles/px4io-v2.dir/__/systemlib/mixer/mixer_group.cpp.obj
LOAD CMakeFiles/px4io-v2.dir/__/systemlib/mixer/mixer_multirotor.cpp.obj
LOAD CMakeFiles/px4io-v2.dir/__/systemlib/mixer/mixer_simple.cpp.obj
LOAD CMakeFiles/px4io-v2.dir/__/systemlib/pwm_limit/pwm_limit.c.obj
LOAD CMakeFiles/px4io-v2.dir/__/__/lib/rc/st24.c.obj
LOAD CMakeFiles/px4io-v2.dir/__/__/lib/rc/sumd.c.obj
LOAD CMakeFiles/px4io-v2.dir/__/__/lib/rc/sbus.c.obj
LOAD CMakeFiles/px4io-v2.dir/__/__/lib/rc/dsm.c.obj
LOAD CMakeFiles/px4io-v2.dir/__/__/lib/rc/srxl.c.obj
LOAD CMakeFiles/px4io-v2.dir/__/__/drivers/stm32/drv_hrt.c.obj
LOAD CMakeFiles/px4io-v2.dir/__/__/drivers/stm32/drv_io_timer.c.obj
LOAD CMakeFiles/px4io-v2.dir/__/__/drivers/stm32/drv_pwm_servo.c.obj
LOAD CMakeFiles/px4io-v2.dir/__/__/drivers/boards/px4io-v2/px4io_init.c.obj
LOAD CMakeFiles/px4io-v2.dir/__/__/drivers/boards/px4io-v2/px4io_timer_config.c.obj
LOAD CMakeFiles/px4io-v2.dir/serial.c.obj
LOAD CMakeFiles/px4io-v2.dir/__/systemlib/hx_stream.c.obj
START GROUP
LOAD /home/jj/ardupilot/build/px4-v2/modules/PX4Firmware/px4io-v2/NuttX/nuttx-export/libs/libapps.a
LOAD /home/jj/ardupilot/build/px4-v2/modules/PX4Firmware/px4io-v2/NuttX/nuttx-export/libs/libnuttx.a
LOAD /opt/gcc-arm-none-eabi-4_9-2015q3/bin/../lib/gcc/arm-none-eabi/4.9.3/../../../../arm-none-eabi/lib/armv7-m/libnosys.a
LOAD /opt/gcc-arm-none-eabi-4_9-2015q3/bin/../lib/gcc/arm-none-eabi/4.9.3/../../../../arm-none-eabi/lib/armv7-m/libm.a
LOAD /opt/gcc-arm-none-eabi-4_9-2015q3/bin/../lib/gcc/arm-none-eabi/4.9.3/armv7-m/libgcc.a
END GROUP

.text           0x08001000     0x9c68
                0x08001000                _stext = ABSOLUTE (.)
 *(.vectors)
 .vectors       0x08001000      0x134 /home/jj/ardupilot/build/px4-v2/modules/PX4Firmware/px4io-v2/NuttX/nuttx-export/libs/libnuttx.a(arch-up_vectors.o)
                0x08001000                _vectors
 *(.text .text.*)
 .text.adc_init
                0x08001134       0x88 CMakeFiles/px4io-v2.dir/adc.c.obj
                0x08001134                adc_init
 .text.adc_measure
                0x080011bc       0x78 CMakeFiles/px4io-v2.dir/adc.c.obj
                0x080011bc                adc_measure
 .text.controls_init
                0x08001234       0x90 CMakeFiles/px4io-v2.dir/controls.c.obj
                0x08001234                controls_init
 .text.controls_tick
                0x080012c4      0x6b8 CMakeFiles/px4io-v2.dir/controls.c.obj
                0x080012c4                controls_tick
 .text.isr_debug
                0x0800197c       0x4c CMakeFiles/px4io-v2.dir/px4io.c.obj
                0x0800197c                isr_debug
 .text.schedule_reboot
                0x080019c8       0x1c CMakeFiles/px4io-v2.dir/px4io.c.obj
                0x080019c8                schedule_reboot
 .text.user_start
                0x080019e4      0x308 CMakeFiles/px4io-v2.dir/px4io.c.obj
                0x080019e4                user_start
 .text.pwm_configure_rates
                0x08001cec       0x6c CMakeFiles/px4io-v2.dir/registers.c.obj
 .text.registers_set
                0x08001d58      0x5e0 CMakeFiles/px4io-v2.dir/registers.c.obj
                0x08001d58                registers_set
 .text.registers_get
                0x08002338      0x188 CMakeFiles/px4io-v2.dir/registers.c.obj
                0x08002338                registers_get
 .text.safety_check_button
                0x080024c0       0xc0 CMakeFiles/px4io-v2.dir/safety.c.obj
 .text.failsafe_blink
                0x08002580       0x40 CMakeFiles/px4io-v2.dir/safety.c.obj
 .text.safety_init
                0x080025c0       0x30 CMakeFiles/px4io-v2.dir/safety.c.obj
                0x080025c0                safety_init
 .text.failsafe_led_init
                0x080025f0       0x30 CMakeFiles/px4io-v2.dir/safety.c.obj
                0x080025f0                failsafe_led_init
 .text.up_cxxinitialize
                0x08002620       0x30 CMakeFiles/px4io-v2.dir/__/systemlib/up_cxxinitialize.c.obj
                0x08002620                up_cxxinitialize
 .text.perf_count
                0x08002650       0xfc CMakeFiles/px4io-v2.dir/__/systemlib/perf_counter.c.obj
                0x08002650                perf_count
 .text.perf_begin
                0x0800274c       0x16 CMakeFiles/px4io-v2.dir/__/systemlib/perf_counter.c.obj
                0x0800274c                perf_begin
 *fill*         0x08002762        0x2 
 .text.perf_end
                0x08002764       0xd8 CMakeFiles/px4io-v2.dir/__/systemlib/perf_counter.c.obj
                0x08002764                perf_end
 .text._ZL14mixer_callbackjhhRf
                0x0800283c      0x15c CMakeFiles/px4io-v2.dir/mixer.cpp.obj
 .text.mixer_handle_text
                0x08002998      0x110 CMakeFiles/px4io-v2.dir/mixer.cpp.obj
                0x08002998                mixer_handle_text
 .text.startup._GLOBAL__sub_I_mixer_tick
                0x08002aa8       0x2c CMakeFiles/px4io-v2.dir/mixer.cpp.obj
 .text.mixer_tick
                0x08002ad4      0x400 CMakeFiles/px4io-v2.dir/mixer.cpp.obj
                0x08002ad4                mixer_tick
 .text.mixer_set_failsafe
                0x08002ed4       0x74 CMakeFiles/px4io-v2.dir/mixer.cpp.obj
                0x08002ed4                mixer_set_failsafe
 .text._ZN9NullMixerD2Ev
                0x08002f48        0x2 CMakeFiles/px4io-v2.dir/__/systemlib/mixer/mixer.cpp.obj
                0x08002f48                NullMixer::~NullMixer()
                0x08002f48                NullMixer::~NullMixer()
 .text._ZN9NullMixer3mixEPfjPt
                0x08002f4a        0xe CMakeFiles/px4io-v2.dir/__/systemlib/mixer/mixer.cpp.obj
                0x08002f4a                NullMixer::mix(float*, unsigned int, unsigned short*)
 .text._ZN9NullMixer15groups_requiredERj
                0x08002f58        0x2 CMakeFiles/px4io-v2.dir/__/systemlib/mixer/mixer.cpp.obj
                0x08002f58                NullMixer::groups_required(unsigned int&)
 .text._ZN9NullMixerD0Ev
                0x08002f5a        0xc CMakeFiles/px4io-v2.dir/__/systemlib/mixer/mixer.cpp.obj
                0x08002f5a                NullMixer::~NullMixer()
 *fill*         0x08002f66        0x2 
 .text._ZN5MixerC2EPFijhhRfEj
                0x08002f68       0x14 CMakeFiles/px4io-v2.dir/__/systemlib/mixer/mixer.cpp.obj
                0x08002f68                Mixer::Mixer(int (*)(unsigned int, unsigned char, unsigned char, float&), unsigned int)
                0x08002f68                Mixer::Mixer(int (*)(unsigned int, unsigned char, unsigned char, float&), unsigned int)
 .text._ZN5Mixer5scaleERK14mixer_scaler_sf
                0x08002f7c       0x46 CMakeFiles/px4io-v2.dir/__/systemlib/mixer/mixer.cpp.obj
                0x08002f7c                Mixer::scale(mixer_scaler_s const&, float)
 .text._ZN5Mixer7findtagEPKcRjc
                0x08002fc2       0x26 CMakeFiles/px4io-v2.dir/__/systemlib/mixer/mixer.cpp.obj
                0x08002fc2                Mixer::findtag(char const*, unsigned int&, char)
 .text._ZN5Mixer8skiplineEPKcRj
                0x08002fe8       0x2a CMakeFiles/px4io-v2.dir/__/systemlib/mixer/mixer.cpp.obj
                0x08002fe8                Mixer::skipline(char const*, unsigned int&)
 *fill*         0x08003012        0x2 
 .text._ZN9NullMixerC2Ev
                0x08003014       0x14 CMakeFiles/px4io-v2.dir/__/systemlib/mixer/mixer.cpp.obj
                0x08003014                NullMixer::NullMixer()
                0x08003014                NullMixer::NullMixer()
 .text._ZN9NullMixer9from_textEPKcRj
                0x08003028       0x4c CMakeFiles/px4io-v2.dir/__/systemlib/mixer/mixer.cpp.obj
                0x08003028                NullMixer::from_text(char const*, unsigned int&)
 .text._ZN10MixerGroup3mixEPfjPt
                0x08003074       0x32 CMakeFiles/px4io-v2.dir/__/systemlib/mixer/mixer_group.cpp.obj
                0x08003074                MixerGroup::mix(float*, unsigned int, unsigned short*)
 .text._ZN10MixerGroup15groups_requiredERj
                0x080030a6       0x18 CMakeFiles/px4io-v2.dir/__/systemlib/mixer/mixer_group.cpp.obj
                0x080030a6                MixerGroup::groups_required(unsigned int&)
 *fill*         0x080030be        0x2 
 .text._ZN10MixerGroupC2EPFijhhRfEj
                0x080030c0       0x18 CMakeFiles/px4io-v2.dir/__/systemlib/mixer/mixer_group.cpp.obj
                0x080030c0                MixerGroup::MixerGroup(int (*)(unsigned int, unsigned char, unsigned char, float&), unsigned int)
                0x080030c0                MixerGroup::MixerGroup(int (*)(unsigned int, unsigned char, unsigned char, float&), unsigned int)
 .text._ZN10MixerGroup9add_mixerEP5Mixer
                0x080030d8       0x14 CMakeFiles/px4io-v2.dir/__/systemlib/mixer/mixer_group.cpp.obj
                0x080030d8                MixerGroup::add_mixer(Mixer*)
 .text._ZN10MixerGroup5resetEv
                0x080030ec       0x16 CMakeFiles/px4io-v2.dir/__/systemlib/mixer/mixer_group.cpp.obj
                0x080030ec                MixerGroup::reset()
 *fill*         0x08003102        0x2 
 .text._ZN10MixerGroupD2Ev
                0x08003104       0x14 CMakeFiles/px4io-v2.dir/__/systemlib/mixer/mixer_group.cpp.obj
                0x08003104                MixerGroup::~MixerGroup()
                0x08003104                MixerGroup::~MixerGroup()
 .text._ZN10MixerGroupD0Ev
                0x08003118       0x12 CMakeFiles/px4io-v2.dir/__/systemlib/mixer/mixer_group.cpp.obj
                0x08003118                MixerGroup::~MixerGroup()
 .text._ZN10MixerGroup13load_from_bufEPKcRj
                0x0800312a       0x5c CMakeFiles/px4io-v2.dir/__/systemlib/mixer/mixer_group.cpp.obj
                0x0800312a                MixerGroup::load_from_buf(char const*, unsigned int&)
 .text._ZN11SimpleMixer15groups_requiredERj
                0x08003186       0x22 CMakeFiles/px4io-v2.dir/__/systemlib/mixer/mixer_simple.cpp.obj
                0x08003186                SimpleMixer::groups_required(unsigned int&)
 .text._ZN11SimpleMixerD2Ev
                0x080031a8       0x18 CMakeFiles/px4io-v2.dir/__/systemlib/mixer/mixer_simple.cpp.obj
                0x080031a8                SimpleMixer::~SimpleMixer()
                0x080031a8                SimpleMixer::~SimpleMixer()
 .text._ZN11SimpleMixerD0Ev
                0x080031c0       0x12 CMakeFiles/px4io-v2.dir/__/systemlib/mixer/mixer_simple.cpp.obj
                0x080031c0                SimpleMixer::~SimpleMixer()
 .text._ZN11SimpleMixer3mixEPfjPt
                0x080031d2       0x62 CMakeFiles/px4io-v2.dir/__/systemlib/mixer/mixer_simple.cpp.obj
                0x080031d2                SimpleMixer::mix(float*, unsigned int, unsigned short*)
 .text._ZN11SimpleMixer19parse_output_scalerEPKcRjR14mixer_scaler_s
                0x08003234       0xa4 CMakeFiles/px4io-v2.dir/__/systemlib/mixer/mixer_simple.cpp.obj
                0x08003234                SimpleMixer::parse_output_scaler(char const*, unsigned int&, mixer_scaler_s&)
 .text._ZN11SimpleMixer20parse_control_scalerEPKcRjR14mixer_scaler_sRhS5_
                0x080032d8       0xac CMakeFiles/px4io-v2.dir/__/systemlib/mixer/mixer_simple.cpp.obj
                0x080032d8                SimpleMixer::parse_control_scaler(char const*, unsigned int&, mixer_scaler_s&, unsigned char&, unsigned char&)
 .text._ZN11SimpleMixer9from_textEPFijhhRfEjPKcRj
                0x08003384       0xb8 CMakeFiles/px4io-v2.dir/__/systemlib/mixer/mixer_simple.cpp.obj
                0x08003384                SimpleMixer::from_text(int (*)(unsigned int, unsigned char, unsigned char, float&), unsigned int, char const*, unsigned int&)
 .text.pwm_limit_init
                0x0800343c        0xe CMakeFiles/px4io-v2.dir/__/systemlib/pwm_limit/pwm_limit.c.obj
                0x0800343c                pwm_limit_init
 *fill*         0x0800344a        0x6 
 .text.pwm_limit_calc
                0x08003450      0x218 CMakeFiles/px4io-v2.dir/__/systemlib/pwm_limit/pwm_limit.c.obj
                0x08003450                pwm_limit_calc
 .text.st24_common_crc8
                0x08003668       0x3a CMakeFiles/px4io-v2.dir/__/__/lib/rc/st24.c.obj
                0x08003668                st24_common_crc8
 *fill*         0x080036a2        0x2 
 .text.st24_decode
                0x080036a4      0x1f8 CMakeFiles/px4io-v2.dir/__/__/lib/rc/st24.c.obj
                0x080036a4                st24_decode
 .text.sumd_crc16
                0x0800389c       0x20 CMakeFiles/px4io-v2.dir/__/__/lib/rc/sumd.c.obj
                0x0800389c                sumd_crc16
 .text.sumd_decode
                0x080038bc      0x3a4 CMakeFiles/px4io-v2.dir/__/__/lib/rc/sumd.c.obj
                0x080038bc                sumd_decode
 .text.sbus_config
                0x08003c60       0x78 CMakeFiles/px4io-v2.dir/__/__/lib/rc/sbus.c.obj
                0x08003c60                sbus_config
 .text.sbus_init
                0x08003cd8       0x1e CMakeFiles/px4io-v2.dir/__/__/lib/rc/sbus.c.obj
                0x08003cd8                sbus_init
 *fill*         0x08003cf6        0x2 
 .text.sbus1_output
                0x08003cf8       0xec CMakeFiles/px4io-v2.dir/__/__/lib/rc/sbus.c.obj
                0x08003cf8                sbus1_output
 .text.sbus2_output
                0x08003de4        0x4 CMakeFiles/px4io-v2.dir/__/__/lib/rc/sbus.c.obj
                0x08003de4                sbus2_output
 .text.sbus_parse
                0x08003de8      0x2c4 CMakeFiles/px4io-v2.dir/__/__/lib/rc/sbus.c.obj
                0x08003de8                sbus_parse
 .text.sbus_input
                0x080040ac       0x58 CMakeFiles/px4io-v2.dir/__/__/lib/rc/sbus.c.obj
                0x080040ac                sbus_input
 .text.sbus1_set_output_rate_hz
                0x08004104       0x28 CMakeFiles/px4io-v2.dir/__/__/lib/rc/sbus.c.obj
                0x08004104                sbus1_set_output_rate_hz
 .text.dsm_config
                0x0800412c       0x80 CMakeFiles/px4io-v2.dir/__/__/lib/rc/dsm.c.obj
                0x0800412c                dsm_config
 .text.dsm_init
                0x080041ac       0x4c CMakeFiles/px4io-v2.dir/__/__/lib/rc/dsm.c.obj
                0x080041ac                dsm_init
 .text.dsm_bind
                0x080041f8       0x9c CMakeFiles/px4io-v2.dir/__/__/lib/rc/dsm.c.obj
                0x080041f8                dsm_bind
 .text.dsm_parse
                0x08004294      0x308 CMakeFiles/px4io-v2.dir/__/__/lib/rc/dsm.c.obj
                0x08004294                dsm_parse
 .text.dsm_input
                0x0800459c       0x60 CMakeFiles/px4io-v2.dir/__/__/lib/rc/dsm.c.obj
                0x0800459c                dsm_input
 .text.srxl_channels_get_v1v2
                0x080045fc       0x68 CMakeFiles/px4io-v2.dir/__/__/lib/rc/srxl.c.obj
 .text.srxl_decode
                0x08004664      0x238 CMakeFiles/px4io-v2.dir/__/__/lib/rc/srxl.c.obj
                0x08004664                srxl_decode
 .text.hrt_absolute_time
                0x0800489c       0x48 CMakeFiles/px4io-v2.dir/__/__/drivers/stm32/drv_hrt.c.obj
                0x0800489c                hrt_absolute_time
 .text.hrt_call_reschedule
                0x080048e4       0x58 CMakeFiles/px4io-v2.dir/__/__/drivers/stm32/drv_hrt.c.obj
 .text.hrt_call_enter
                0x0800493c       0x4c CMakeFiles/px4io-v2.dir/__/__/drivers/stm32/drv_hrt.c.obj
 .text.hrt_call_internal
                0x08004988       0x4c CMakeFiles/px4io-v2.dir/__/__/drivers/stm32/drv_hrt.c.obj
 .text.hrt_tim_isr
                0x080049d4      0x1e4 CMakeFiles/px4io-v2.dir/__/__/drivers/stm32/drv_hrt.c.obj
 .text.hrt_elapsed_time
                0x08004bb8       0x22 CMakeFiles/px4io-v2.dir/__/__/drivers/stm32/drv_hrt.c.obj
                0x08004bb8                hrt_elapsed_time
 *fill*         0x08004bda        0x2 
 .text.hrt_init
                0x08004bdc       0x84 CMakeFiles/px4io-v2.dir/__/__/drivers/stm32/drv_hrt.c.obj
                0x08004bdc                hrt_init
 .text.hrt_call_every
                0x08004c60       0x36 CMakeFiles/px4io-v2.dir/__/__/drivers/stm32/drv_hrt.c.obj
                0x08004c60                hrt_call_every
 *fill*         0x08004c96        0x2 
 .text.io_timer_handler
                0x08004c98       0xd8 CMakeFiles/px4io-v2.dir/__/__/drivers/stm32/drv_io_timer.c.obj
 .text.get_timer_channels
                0x08004d70       0x30 CMakeFiles/px4io-v2.dir/__/__/drivers/stm32/drv_io_timer.c.obj
 .text.io_timer_handler0
                0x08004da0        0x6 CMakeFiles/px4io-v2.dir/__/__/drivers/stm32/drv_io_timer.c.obj
                0x08004da0                io_timer_handler0
 .text.io_timer_handler1
                0x08004da6        0x6 CMakeFiles/px4io-v2.dir/__/__/drivers/stm32/drv_io_timer.c.obj
                0x08004da6                io_timer_handler1
 .text.io_timer_handler2
                0x08004dac        0x6 CMakeFiles/px4io-v2.dir/__/__/drivers/stm32/drv_io_timer.c.obj
                0x08004dac                io_timer_handler2
 *fill*         0x08004db2        0x2 
 .text.io_timer_validate_channel_index
                0x08004db4       0x3c CMakeFiles/px4io-v2.dir/__/__/drivers/stm32/drv_io_timer.c.obj
                0x08004db4                io_timer_validate_channel_index
 .text.io_timer_is_channel_free
                0x08004df0       0x20 CMakeFiles/px4io-v2.dir/__/__/drivers/stm32/drv_io_timer.c.obj
                0x08004df0                io_timer_is_channel_free
 .text.io_timer_get_mode_channels
                0x08004e10       0x14 CMakeFiles/px4io-v2.dir/__/__/drivers/stm32/drv_io_timer.c.obj
                0x08004e10                io_timer_get_mode_channels
 .text.io_timer_get_channel_mode
                0x08004e24       0x24 CMakeFiles/px4io-v2.dir/__/__/drivers/stm32/drv_io_timer.c.obj
                0x08004e24                io_timer_get_channel_mode
 .text.io_timer_set_rate
                0x08004e48       0x34 CMakeFiles/px4io-v2.dir/__/__/drivers/stm32/drv_io_timer.c.obj
                0x08004e48                io_timer_set_rate
 .text.io_timer_set_clock
                0x08004e7c       0x3c CMakeFiles/px4io-v2.dir/__/__/drivers/stm32/drv_io_timer.c.obj
                0x08004e7c                io_timer_set_clock
 .text.io_timer_channel_init
                0x08004eb8      0x1fc CMakeFiles/px4io-v2.dir/__/__/drivers/stm32/drv_io_timer.c.obj
                0x08004eb8                io_timer_channel_init
 .text.io_timer_set_enable
                0x080050b4      0x180 CMakeFiles/px4io-v2.dir/__/__/drivers/stm32/drv_io_timer.c.obj
                0x080050b4                io_timer_set_enable
 .text.io_timer_free_channel
                0x08005234       0x54 CMakeFiles/px4io-v2.dir/__/__/drivers/stm32/drv_io_timer.c.obj
                0x08005234                io_timer_free_channel
 .text.io_timer_set_ccr
                0x08005288       0x44 CMakeFiles/px4io-v2.dir/__/__/drivers/stm32/drv_io_timer.c.obj
                0x08005288                io_timer_set_ccr
 .text.io_timer_get_group
                0x080052cc        0x4 CMakeFiles/px4io-v2.dir/__/__/drivers/stm32/drv_io_timer.c.obj
                0x080052cc                io_timer_get_group
 .text.io_timer_pwm_trigger
                0x080052d0       0x48 CMakeFiles/px4io-v2.dir/__/__/drivers/stm32/drv_io_timer.c.obj
                0x080052d0                io_timer_pwm_trigger
 .text.up_pwm_servo_set
                0x08005318        0x4 CMakeFiles/px4io-v2.dir/__/__/drivers/stm32/drv_pwm_servo.c.obj
                0x08005318                up_pwm_servo_set
 .text.up_pwm_servo_trigger
                0x0800531c        0x4 CMakeFiles/px4io-v2.dir/__/__/drivers/stm32/drv_pwm_servo.c.obj
                0x0800531c                up_pwm_servo_trigger
 .text.up_pwm_servo_init
                0x08005320       0x62 CMakeFiles/px4io-v2.dir/__/__/drivers/stm32/drv_pwm_servo.c.obj
                0x08005320                up_pwm_servo_init
 *fill*         0x08005382        0x2 
 .text.up_pwm_servo_set_rate_group_update
                0x08005384       0x30 CMakeFiles/px4io-v2.dir/__/__/drivers/stm32/drv_pwm_servo.c.obj
                0x08005384                up_pwm_servo_set_rate_group_update
 .text.up_pwm_servo_set_rate_group_clock
                0x080053b4        0xa CMakeFiles/px4io-v2.dir/__/__/drivers/stm32/drv_pwm_servo.c.obj
                0x080053b4                up_pwm_servo_set_rate_group_clock
 .text.up_pwm_servo_get_rate_group
                0x080053be        0x4 CMakeFiles/px4io-v2.dir/__/__/drivers/stm32/drv_pwm_servo.c.obj
                0x080053be                up_pwm_servo_get_rate_group
 .text.up_pwm_servo_arm
                0x080053c2        0x8 CMakeFiles/px4io-v2.dir/__/__/drivers/stm32/drv_pwm_servo.c.obj
                0x080053c2                up_pwm_servo_arm
 .text.stm32_boardinitialize
                0x080053ca      0x120 CMakeFiles/px4io-v2.dir/__/__/drivers/boards/px4io-v2/px4io_init.c.obj
                0x080053ca                stm32_boardinitialize
 *fill*         0x080054ea        0x2 
 .text.dma_reset
                0x080054ec       0x6c CMakeFiles/px4io-v2.dir/serial.c.obj
 .text.rx_dma_callback
                0x08005558      0x154 CMakeFiles/px4io-v2.dir/serial.c.obj
 .text.serial_interrupt
                0x080056ac       0xd0 CMakeFiles/px4io-v2.dir/serial.c.obj
 .text.interface_init
                0x0800577c       0xcc CMakeFiles/px4io-v2.dir/serial.c.obj
                0x0800577c                interface_init
 .text.irq_attach
                0x08005848       0x38 /home/jj/ardupilot/build/px4-v2/modules/PX4Firmware/px4io-v2/NuttX/nuttx-export/libs/libnuttx.a(sched-irq_attach.o)
                0x08005848                irq_attach
 .text.irq_initialize
                0x08005880       0x1c /home/jj/ardupilot/build/px4-v2/modules/PX4Firmware/px4io-v2/NuttX/nuttx-export/libs/libnuttx.a(sched-irq_initialize.o)
                0x08005880                irq_initialize
 .text.irq_unexpected_isr
                0x0800589c       0x14 /home/jj/ardupilot/build/px4-v2/modules/PX4Firmware/px4io-v2/NuttX/nuttx-export/libs/libnuttx.a(sched-irq_unexpectedisr.o)
                0x0800589c                irq_unexpected_isr
 .text.abort    0x080058b0        0x8 /home/jj/ardupilot/build/px4-v2/modules/PX4Firmware/px4io-v2/NuttX/nuttx-export/libs/libnuttx.a(c-lib_abort.o)
                0x080058b0                abort
 .text.cfsetspeed
                0x080058b8        0x6 /home/jj/ardupilot/build/px4-v2/modules/PX4Firmware/px4io-v2/NuttX/nuttx-export/libs/libnuttx.a(c-lib_cfsetspeed.o)
                0x080058b8                cfsetspeed
 *fill*         0x080058be        0x2 
 .text.crc32part
                0x080058c0       0x24 /home/jj/ardupilot/build/px4-v2/modules/PX4Firmware/px4io-v2/NuttX/nuttx-export/libs/libnuttx.a(c-lib_crc32.o)
                0x080058c0                crc32part
 .text.lowvsyslog
                0x080058e4       0x1a /home/jj/ardupilot/build/px4-v2/modules/PX4Firmware/px4io-v2/NuttX/nuttx-export/libs/libnuttx.a(c-lib_lowsyslog.o)
                0x080058e4                lowvsyslog
 .text.lowsyslog
                0x080058fe       0x1a /home/jj/ardupilot/build/px4-v2/modules/PX4Firmware/px4io-v2/NuttX/nuttx-export/libs/libnuttx.a(c-lib_lowsyslog.o)
                0x080058fe                lowsyslog
 .text.memchr   0x08005918       0x1e /home/jj/ardupilot/build/px4-v2/modules/PX4Firmware/px4io-v2/NuttX/nuttx-export/libs/libnuttx.a(c-lib_memchr.o)
                0x08005918                memchr
 .text.memcpy   0x08005936       0x16 /home/jj/ardupilot/build/px4-v2/modules/PX4Firmware/px4io-v2/NuttX/nuttx-export/libs/libnuttx.a(c-lib_memcpy.o)
                0x08005936                memcpy
 .text.memset   0x0800594c       0x10 /home/jj/ardupilot/build/px4-v2/modules/PX4Firmware/px4io-v2/NuttX/nuttx-export/libs/libnuttx.a(c-lib_memset.o)
                0x0800594c                memset
 .text.printf   0x0800595c       0x1a /home/jj/ardupilot/build/px4-v2/modules/PX4Firmware/px4io-v2/NuttX/nuttx-export/libs/libnuttx.a(c-lib_printf.o)
                0x0800595c                printf
 *fill*         0x08005976        0x2 
 .text.findwidth
                0x08005978       0x34 /home/jj/ardupilot/build/px4-v2/modules/PX4Firmware/px4io-v2/NuttX/nuttx-export/libs/libnuttx.a(c-lib_sscanf.o)
 .text.vsscanf  0x080059ac      0x314 /home/jj/ardupilot/build/px4-v2/modules/PX4Firmware/px4io-v2/NuttX/nuttx-export/libs/libnuttx.a(c-lib_sscanf.o)
                0x080059ac                vsscanf
 .text.sscanf   0x08005cc0       0x1a /home/jj/ardupilot/build/px4-v2/modules/PX4Firmware/px4io-v2/NuttX/nuttx-export/libs/libnuttx.a(c-lib_sscanf.o)
                0x08005cc0                sscanf
 .text.strchr   0x08005cda       0x16 /home/jj/ardupilot/build/px4-v2/modules/PX4Firmware/px4io-v2/NuttX/nuttx-export/libs/libnuttx.a(c-lib_strchr.o)
                0x08005cda                strchr
 .text.strcspn  0x08005cf0       0x1e /home/jj/ardupilot/build/px4-v2/modules/PX4Firmware/px4io-v2/NuttX/nuttx-export/libs/libnuttx.a(c-lib_strcspn.o)
                0x08005cf0                strcspn
 .text.strncpy  0x08005d0e       0x24 /home/jj/ardupilot/build/px4-v2/modules/PX4Firmware/px4io-v2/NuttX/nuttx-export/libs/libnuttx.a(c-lib_strncpy.o)
                0x08005d0e                strncpy
 .text.strtol   0x08005d32       0x3c /home/jj/ardupilot/build/px4-v2/modules/PX4Firmware/px4io-v2/NuttX/nuttx-export/libs/libnuttx.a(c-lib_strtol.o)
                0x08005d32                strtol
 .text.strtoul  0x08005d6e       0x48 /home/jj/ardupilot/build/px4-v2/modules/PX4Firmware/px4io-v2/NuttX/nuttx-export/libs/libnuttx.a(c-lib_strtoul.o)
                0x08005d6e                strtoul
 .text.vsyslog  0x08005db6       0x1e /home/jj/ardupilot/build/px4-v2/modules/PX4Firmware/px4io-v2/NuttX/nuttx-export/libs/libnuttx.a(c-lib_syslog.o)
                0x08005db6                vsyslog
 .text.tcgetattr
                0x08005dd4        0xa /home/jj/ardupilot/build/px4-v2/modules/PX4Firmware/px4io-v2/NuttX/nuttx-export/libs/libnuttx.a(c-lib_tcgetattr.o)
                0x08005dd4                tcgetattr
 .text.tcsetattr
                0x08005dde       0x10 /home/jj/ardupilot/build/px4-v2/modules/PX4Firmware/px4io-v2/NuttX/nuttx-export/libs/libnuttx.a(c-lib_tcsetattr.o)
                0x08005dde                tcsetattr
 .text.vsnprintf
                0x08005dee       0x24 /home/jj/ardupilot/build/px4-v2/modules/PX4Firmware/px4io-v2/NuttX/nuttx-export/libs/libnuttx.a(c-lib_vsnprintf.o)
                0x08005dee                vsnprintf
 .text.sq_addafter
                0x08005e12       0x1c /home/jj/ardupilot/build/px4-v2/modules/PX4Firmware/px4io-v2/NuttX/nuttx-export/libs/libnuttx.a(c-sq_addafter.o)
                0x08005e12                sq_addafter
 .text.sq_addfirst
                0x08005e2e        0xe /home/jj/ardupilot/build/px4-v2/modules/PX4Firmware/px4io-v2/NuttX/nuttx-export/libs/libnuttx.a(c-sq_addfirst.o)
                0x08005e2e                sq_addfirst
 .text.sq_addlast
                0x08005e3c       0x14 /home/jj/ardupilot/build/px4-v2/modules/PX4Firmware/px4io-v2/NuttX/nuttx-export/libs/libnuttx.a(c-sq_addlast.o)
                0x08005e3c                sq_addlast
 .text.sq_rem   0x08005e50       0x2c /home/jj/ardupilot/build/px4-v2/modules/PX4Firmware/px4io-v2/NuttX/nuttx-export/libs/libnuttx.a(c-sq_rem.o)
                0x08005e50                sq_rem
 .text.free     0x08005e7c       0xa8 /home/jj/ardupilot/build/px4-v2/modules/PX4Firmware/px4io-v2/NuttX/nuttx-export/libs/libnuttx.a(mm-mm_free.o)
                0x08005e7c                free
 .text.mallinfo
                0x08005f24       0x5c /home/jj/ardupilot/build/px4-v2/modules/PX4Firmware/px4io-v2/NuttX/nuttx-export/libs/libnuttx.a(mm-mm_mallinfo.o)
                0x08005f24                mallinfo
 .text.malloc   0x08005f80       0x94 /home/jj/ardupilot/build/px4-v2/modules/PX4Firmware/px4io-v2/NuttX/nuttx-export/libs/libnuttx.a(mm-mm_malloc.o)
                0x08005f80                malloc
 .text.mm_seminitialize
                0x08006014       0x18 /home/jj/ardupilot/build/px4-v2/modules/PX4Firmware/px4io-v2/NuttX/nuttx-export/libs/libnuttx.a(mm-mm_sem.o)
                0x08006014                mm_seminitialize
 .text.mm_trysemaphore
                0x0800602c       0x32 /home/jj/ardupilot/build/px4-v2/modules/PX4Firmware/px4io-v2/NuttX/nuttx-export/libs/libnuttx.a(mm-mm_sem.o)
                0x0800602c                mm_trysemaphore
 *fill*         0x0800605e        0x2 
 .text.mm_takesemaphore
                0x08006060       0x40 /home/jj/ardupilot/build/px4-v2/modules/PX4Firmware/px4io-v2/NuttX/nuttx-export/libs/libnuttx.a(mm-mm_sem.o)
                0x08006060                mm_takesemaphore
 .text.mm_givesemaphore
                0x080060a0       0x2c /home/jj/ardupilot/build/px4-v2/modules/PX4Firmware/px4io-v2/NuttX/nuttx-export/libs/libnuttx.a(mm-mm_sem.o)
                0x080060a0                mm_givesemaphore
 .text.mm_size2ndx
                0x080060cc       0x1a /home/jj/ardupilot/build/px4-v2/modules/PX4Firmware/px4io-v2/NuttX/nuttx-export/libs/libnuttx.a(mm-mm_size2ndx.o)
                0x080060cc                mm_size2ndx
 *fill*         0x080060e6        0x2 
 .text.umm_initialize
                0x080060e8       0x10 /home/jj/ardupilot/build/px4-v2/modules/PX4Firmware/px4io-v2/NuttX/nuttx-export/libs/libnuttx.a(mm-mm_user.o)
                0x080060e8                umm_initialize
 .text.umm_trysemaphore
                0x080060f8        0xc /home/jj/ardupilot/build/px4-v2/modules/PX4Firmware/px4io-v2/NuttX/nuttx-export/libs/libnuttx.a(mm-mm_user.o)
                0x080060f8                umm_trysemaphore
 .text.umm_givesemaphore
                0x08006104        0xc /home/jj/ardupilot/build/px4-v2/modules/PX4Firmware/px4io-v2/NuttX/nuttx-export/libs/libnuttx.a(mm-mm_user.o)
                0x08006104                umm_givesemaphore
 .text.zalloc   0x08006110       0x18 /home/jj/ardupilot/build/px4-v2/modules/PX4Firmware/px4io-v2/NuttX/nuttx-export/libs/libnuttx.a(mm-mm_zalloc.o)
                0x08006110                zalloc
 .text.stm32_dmachandisable
                0x08006128       0x20 /home/jj/ardupilot/build/px4-v2/modules/PX4Firmware/px4io-v2/NuttX/nuttx-export/libs/libnuttx.a(arch-stm32_dma.o)
 .text.stm32_dmainterrupt
                0x08006148       0x54 /home/jj/ardupilot/build/px4-v2/modules/PX4Firmware/px4io-v2/NuttX/nuttx-export/libs/libnuttx.a(arch-stm32_dma.o)
 .text.up_dmainitialize
                0x0800619c       0x3c /home/jj/ardupilot/build/px4-v2/modules/PX4Firmware/px4io-v2/NuttX/nuttx-export/libs/libnuttx.a(arch-stm32_dma.o)
                0x0800619c                up_dmainitialize
 .text.stm32_dmachannel
                0x080061d8       0x34 /home/jj/ardupilot/build/px4-v2/modules/PX4Firmware/px4io-v2/NuttX/nuttx-export/libs/libnuttx.a(arch-stm32_dma.o)
                0x080061d8                stm32_dmachannel
 .text.stm32_dmafree
                0x0800620c        0x6 /home/jj/ardupilot/build/px4-v2/modules/PX4Firmware/px4io-v2/NuttX/nuttx-export/libs/libnuttx.a(arch-stm32_dma.o)
                0x0800620c                stm32_dmafree
 .text.stm32_dmasetup
                0x08006212       0x2a /home/jj/ardupilot/build/px4-v2/modules/PX4Firmware/px4io-v2/NuttX/nuttx-export/libs/libnuttx.a(arch-stm32_dma.o)
                0x08006212                stm32_dmasetup
 .text.stm32_dmastart
                0x0800623c       0x28 /home/jj/ardupilot/build/px4-v2/modules/PX4Firmware/px4io-v2/NuttX/nuttx-export/libs/libnuttx.a(arch-stm32_dma.o)
                0x0800623c                stm32_dmastart
 .text.stm32_dmastop
                0x08006264        0x4 /home/jj/ardupilot/build/px4-v2/modules/PX4Firmware/px4io-v2/NuttX/nuttx-export/libs/libnuttx.a(arch-stm32_dma.o)
                0x08006264                stm32_dmastop
 .text.stm32_dmaresidual
                0x08006268        0x6 /home/jj/ardupilot/build/px4-v2/modules/PX4Firmware/px4io-v2/NuttX/nuttx-export/libs/libnuttx.a(arch-stm32_dma.o)
                0x08006268                stm32_dmaresidual
 *fill*         0x0800626e        0x2 
 .text.stm32_gpioinit
                0x08006270       0x10 /home/jj/ardupilot/build/px4-v2/modules/PX4Firmware/px4io-v2/NuttX/nuttx-export/libs/libnuttx.a(arch-stm32_gpio.o)
                0x08006270                stm32_gpioinit
 .text.stm32_configgpio
                0x08006280       0xc4 /home/jj/ardupilot/build/px4-v2/modules/PX4Firmware/px4io-v2/NuttX/nuttx-export/libs/libnuttx.a(arch-stm32_gpio.o)
                0x08006280                stm32_configgpio
 .text.stm32_gpiowrite
                0x08006344       0x28 /home/jj/ardupilot/build/px4-v2/modules/PX4Firmware/px4io-v2/NuttX/nuttx-export/libs/libnuttx.a(arch-stm32_gpio.o)
                0x08006344                stm32_gpiowrite
 .text.stm32_gpioread
                0x0800636c       0x2c /home/jj/ardupilot/build/px4-v2/modules/PX4Firmware/px4io-v2/NuttX/nuttx-export/libs/libnuttx.a(arch-stm32_gpio.o)
                0x0800636c                stm32_gpioread
 .text.stm32_irqinfo
                0x08006398       0x68 /home/jj/ardupilot/build/px4-v2/modules/PX4Firmware/px4io-v2/NuttX/nuttx-export/libs/libnuttx.a(arch-stm32_irq.o)
 .text.up_irqinitialize
                0x08006400       0x68 /home/jj/ardupilot/build/px4-v2/modules/PX4Firmware/px4io-v2/NuttX/nuttx-export/libs/libnuttx.a(arch-stm32_irq.o)
                0x08006400                up_irqinitialize
 .text.up_disable_irq
                0x08006468       0x1e /home/jj/ardupilot/build/px4-v2/modules/PX4Firmware/px4io-v2/NuttX/nuttx-export/libs/libnuttx.a(arch-stm32_irq.o)
                0x08006468                up_disable_irq
 .text.up_enable_irq
                0x08006486       0x1c /home/jj/ardupilot/build/px4-v2/modules/PX4Firmware/px4io-v2/NuttX/nuttx-export/libs/libnuttx.a(arch-stm32_irq.o)
                0x08006486                up_enable_irq
 .text.up_maskack_irq
                0x080064a2        0x4 /home/jj/ardupilot/build/px4-v2/modules/PX4Firmware/px4io-v2/NuttX/nuttx-export/libs/libnuttx.a(arch-stm32_irq.o)
                0x080064a2                up_maskack_irq
 .text.up_restoreusartint
                0x080064a6       0x26 /home/jj/ardupilot/build/px4-v2/modules/PX4Firmware/px4io-v2/NuttX/nuttx-export/libs/libnuttx.a(arch-stm32_serial.o)
 .text.up_set_format
                0x080064cc       0x72 /home/jj/ardupilot/build/px4-v2/modules/PX4Firmware/px4io-v2/NuttX/nuttx-export/libs/libnuttx.a(arch-stm32_serial.o)
 .text.up_receive
                0x0800653e       0x16 /home/jj/ardupilot/build/px4-v2/modules/PX4Firmware/px4io-v2/NuttX/nuttx-export/libs/libnuttx.a(arch-stm32_serial.o)
 .text.up_rxint
                0x08006554       0x2c /home/jj/ardupilot/build/px4-v2/modules/PX4Firmware/px4io-v2/NuttX/nuttx-export/libs/libnuttx.a(arch-stm32_serial.o)
 .text.up_rxavailable
                0x08006580        0xc /home/jj/ardupilot/build/px4-v2/modules/PX4Firmware/px4io-v2/NuttX/nuttx-export/libs/libnuttx.a(arch-stm32_serial.o)
 .text.up_dma_rxint
                0x0800658c        0x8 /home/jj/ardupilot/build/px4-v2/modules/PX4Firmware/px4io-v2/NuttX/nuttx-export/libs/libnuttx.a(arch-stm32_serial.o)
 .text.up_send  0x08006594        0x8 /home/jj/ardupilot/build/px4-v2/modules/PX4Firmware/px4io-v2/NuttX/nuttx-export/libs/libnuttx.a(arch-stm32_serial.o)
 .text.up_txready
                0x0800659c        0xc /home/jj/ardupilot/build/px4-v2/modules/PX4Firmware/px4io-v2/NuttX/nuttx-export/libs/libnuttx.a(arch-stm32_serial.o)
 .text.up_txint
                0x080065a8       0x38 /home/jj/ardupilot/build/px4-v2/modules/PX4Firmware/px4io-v2/NuttX/nuttx-export/libs/libnuttx.a(arch-stm32_serial.o)
 .text.up_interrupt_common
                0x080065e0       0x4e /home/jj/ardupilot/build/px4-v2/modules/PX4Firmware/px4io-v2/NuttX/nuttx-export/libs/libnuttx.a(arch-stm32_serial.o)
 *fill*         0x0800662e        0x2 
 .text.up_interrupt_usart3
                0x08006630        0xc /home/jj/ardupilot/build/px4-v2/modules/PX4Firmware/px4io-v2/NuttX/nuttx-export/libs/libnuttx.a(arch-stm32_serial.o)
 .text.up_interrupt_usart2
                0x0800663c        0xc /home/jj/ardupilot/build/px4-v2/modules/PX4Firmware/px4io-v2/NuttX/nuttx-export/libs/libnuttx.a(arch-stm32_serial.o)
 .text.up_interrupt_usart1
                0x08006648        0xc /home/jj/ardupilot/build/px4-v2/modules/PX4Firmware/px4io-v2/NuttX/nuttx-export/libs/libnuttx.a(arch-stm32_serial.o)
 .text.up_dma_receive
                0x08006654       0x28 /home/jj/ardupilot/build/px4-v2/modules/PX4Firmware/px4io-v2/NuttX/nuttx-export/libs/libnuttx.a(arch-stm32_serial.o)
 .text.up_ioctl
                0x0800667c       0xa0 /home/jj/ardupilot/build/px4-v2/modules/PX4Firmware/px4io-v2/NuttX/nuttx-export/libs/libnuttx.a(arch-stm32_serial.o)
 .text.up_detach
                0x0800671c       0x1a /home/jj/ardupilot/build/px4-v2/modules/PX4Firmware/px4io-v2/NuttX/nuttx-export/libs/libnuttx.a(arch-stm32_serial.o)
 .text.up_attach
                0x08006736       0x1e /home/jj/ardupilot/build/px4-v2/modules/PX4Firmware/px4io-v2/NuttX/nuttx-export/libs/libnuttx.a(arch-stm32_serial.o)
 .text.up_setup
                0x08006754       0x58 /home/jj/ardupilot/build/px4-v2/modules/PX4Firmware/px4io-v2/NuttX/nuttx-export/libs/libnuttx.a(arch-stm32_serial.o)
 .text.up_dma_setup
                0x080067ac       0x50 /home/jj/ardupilot/build/px4-v2/modules/PX4Firmware/px4io-v2/NuttX/nuttx-export/libs/libnuttx.a(arch-stm32_serial.o)
 .text.up_shutdown
                0x080067fc       0x1c /home/jj/ardupilot/build/px4-v2/modules/PX4Firmware/px4io-v2/NuttX/nuttx-export/libs/libnuttx.a(arch-stm32_serial.o)
 .text.up_dma_shutdown
                0x08006818       0x1a /home/jj/ardupilot/build/px4-v2/modules/PX4Firmware/px4io-v2/NuttX/nuttx-export/libs/libnuttx.a(arch-stm32_serial.o)
 .text.up_dma_rxavailable
                0x08006832       0x18 /home/jj/ardupilot/build/px4-v2/modules/PX4Firmware/px4io-v2/NuttX/nuttx-export/libs/libnuttx.a(arch-stm32_serial.o)
 .text.up_dma_rxcallback
                0x0800684a       0x1e /home/jj/ardupilot/build/px4-v2/modules/PX4Firmware/px4io-v2/NuttX/nuttx-export/libs/libnuttx.a(arch-stm32_serial.o)
 .text.up_earlyserialinit
                0x08006868       0x34 /home/jj/ardupilot/build/px4-v2/modules/PX4Firmware/px4io-v2/NuttX/nuttx-export/libs/libnuttx.a(arch-stm32_serial.o)
                0x08006868                up_earlyserialinit
 .text.up_serialinit
                0x0800689c       0x60 /home/jj/ardupilot/build/px4-v2/modules/PX4Firmware/px4io-v2/NuttX/nuttx-export/libs/libnuttx.a(arch-stm32_serial.o)
                0x0800689c                up_serialinit
 .text.stm32_serial_dma_poll
                0x080068fc       0x34 /home/jj/ardupilot/build/px4-v2/modules/PX4Firmware/px4io-v2/NuttX/nuttx-export/libs/libnuttx.a(arch-stm32_serial.o)
                0x080068fc                stm32_serial_dma_poll
 .text.up_putc  0x08006930       0x3c /home/jj/ardupilot/build/px4-v2/modules/PX4Firmware/px4io-v2/NuttX/nuttx-export/libs/libnuttx.a(arch-stm32_serial.o)
                0x08006930                up_putc
 .text.__start  0x0800696c       0x54 /home/jj/ardupilot/build/px4-v2/modules/PX4Firmware/px4io-v2/NuttX/nuttx-export/libs/libnuttx.a(arch-stm32_start.o)
                0x0800696c                __start
 .text.up_assert
                0x080069c0      0x144 /home/jj/ardupilot/build/px4-v2/modules/PX4Firmware/px4io-v2/NuttX/nuttx-export/libs/libnuttx.a(arch-up_assert.o)
                0x080069c0                up_assert
 .text.up_hardfault
                0x08006b04       0x40 /home/jj/ardupilot/build/px4-v2/modules/PX4Firmware/px4io-v2/NuttX/nuttx-export/libs/libnuttx.a(arch-up_hardfault.o)
                0x08006b04                up_hardfault
 .text.modifyreg32
                0x08006b44       0x1c /home/jj/ardupilot/build/px4-v2/modules/PX4Firmware/px4io-v2/NuttX/nuttx-export/libs/libnuttx.a(arch-up_modifyreg32.o)
                0x08006b44                modifyreg32
 .text.up_svcall
                0x08006b60       0x34 /home/jj/ardupilot/build/px4-v2/modules/PX4Firmware/px4io-v2/NuttX/nuttx-export/libs/libnuttx.a(arch-up_svcall.o)
                0x08006b60                up_svcall
 .text.up_systemreset
                0x08006b94       0x1c /home/jj/ardupilot/build/px4-v2/modules/PX4Firmware/px4io-v2/NuttX/nuttx-export/libs/libnuttx.a(arch-up_systemreset.o)
                0x08006b94                up_systemreset
 .text.up_udelay
                0x08006bb0       0x64 /home/jj/ardupilot/build/px4-v2/modules/PX4Firmware/px4io-v2/NuttX/nuttx-export/libs/libnuttx.a(arch-up_udelay.o)
                0x08006bb0                up_udelay
 .text.__cxa_atexit
                0x08006c14        0x4 /home/jj/ardupilot/build/px4-v2/modules/PX4Firmware/px4io-v2/NuttX/nuttx-export/libs/libnuttx.a(cxx-libxx_cxa_atexit.o)
                0x08006c14                __cxa_atexit
 .text.__cxa_pure_virtual
                0x08006c18       0x10 /home/jj/ardupilot/build/px4-v2/modules/PX4Firmware/px4io-v2/NuttX/nuttx-export/libs/libnuttx.a(cxx-libxx_cxapurevirtual.o)
                0x08006c18                __cxa_pure_virtual
 .text._ZdlPv   0x08006c28        0x4 /home/jj/ardupilot/build/px4-v2/modules/PX4Firmware/px4io-v2/NuttX/nuttx-export/libs/libnuttx.a(cxx-libxx_delete.o)
                0x08006c28                operator delete(void*)
 .text.__aeabi_atexit
                0x08006c2c        0xa /home/jj/ardupilot/build/px4-v2/modules/PX4Firmware/px4io-v2/NuttX/nuttx-export/libs/libnuttx.a(cxx-libxx_eabi_atexit.o)
                0x08006c2c                __aeabi_atexit
 .text._Znwj    0x08006c36        0xa /home/jj/ardupilot/build/px4-v2/modules/PX4Firmware/px4io-v2/NuttX/nuttx-export/libs/libnuttx.a(cxx-libxx_new.o)
                0x08006c36                operator new(unsigned int)
 .text.ioctl    0x08006c40       0x48 /home/jj/ardupilot/build/px4-v2/modules/PX4Firmware/px4io-v2/NuttX/nuttx-export/libs/libnuttx.a(fs-fs_ioctl.o)
                0x08006c40                ioctl
 .text.inode_checkflags
                0x08006c88       0x28 /home/jj/ardupilot/build/px4-v2/modules/PX4Firmware/px4io-v2/NuttX/nuttx-export/libs/libnuttx.a(fs-fs_open.o)
                0x08006c88                inode_checkflags
 .text.open     0x08006cb0       0x90 /home/jj/ardupilot/build/px4-v2/modules/PX4Firmware/px4io-v2/NuttX/nuttx-export/libs/libnuttx.a(fs-fs_open.o)
                0x08006cb0                open
 .text.read     0x08006d40       0x62 /home/jj/ardupilot/build/px4-v2/modules/PX4Firmware/px4io-v2/NuttX/nuttx-export/libs/libnuttx.a(fs-fs_read.o)
                0x08006d40                read
 .text.write    0x08006da2       0x54 /home/jj/ardupilot/build/px4-v2/modules/PX4Firmware/px4io-v2/NuttX/nuttx-export/libs/libnuttx.a(fs-fs_write.o)
                0x08006da2                write
 .text.uart_xmitchars
                0x08006df6       0x70 /home/jj/ardupilot/build/px4-v2/modules/PX4Firmware/px4io-v2/NuttX/nuttx-export/libs/libnuttx.a(drivers-serialirq.o)
                0x08006df6                uart_xmitchars
 .text.uart_recvchars
                0x08006e66       0x5c /home/jj/ardupilot/build/px4-v2/modules/PX4Firmware/px4io-v2/NuttX/nuttx-export/libs/libnuttx.a(drivers-serialirq.o)
                0x08006e66                uart_recvchars
 .text.uart_ioctl
                0x08006ec2       0xca /home/jj/ardupilot/build/px4-v2/modules/PX4Firmware/px4io-v2/NuttX/nuttx-export/libs/libnuttx.a(drivers-serial.o)
 .text.uart_takesem
                0x08006f8c       0x30 /home/jj/ardupilot/build/px4-v2/modules/PX4Firmware/px4io-v2/NuttX/nuttx-export/libs/libnuttx.a(drivers-serial.o)
 .text.uart_putxmitchar
                0x08006fbc       0x7e /home/jj/ardupilot/build/px4-v2/modules/PX4Firmware/px4io-v2/NuttX/nuttx-export/libs/libnuttx.a(drivers-serial.o)
 .text.uart_write
                0x0800703a       0xe8 /home/jj/ardupilot/build/px4-v2/modules/PX4Firmware/px4io-v2/NuttX/nuttx-export/libs/libnuttx.a(drivers-serial.o)
 .text.uart_read
                0x08007122       0xf4 /home/jj/ardupilot/build/px4-v2/modules/PX4Firmware/px4io-v2/NuttX/nuttx-export/libs/libnuttx.a(drivers-serial.o)
 .text.uart_open
                0x08007216       0xa2 /home/jj/ardupilot/build/px4-v2/modules/PX4Firmware/px4io-v2/NuttX/nuttx-export/libs/libnuttx.a(drivers-serial.o)
 .text.uart_close
                0x080072b8       0x7e /home/jj/ardupilot/build/px4-v2/modules/PX4Firmware/px4io-v2/NuttX/nuttx-export/libs/libnuttx.a(drivers-serial.o)
 *fill*         0x08007336        0x2 
 .text.uart_register
                0x08007338       0x54 /home/jj/ardupilot/build/px4-v2/modules/PX4Firmware/px4io-v2/NuttX/nuttx-export/libs/libnuttx.a(drivers-serial.o)
                0x08007338                uart_register
 .text.uart_datareceived
                0x0800738c       0x10 /home/jj/ardupilot/build/px4-v2/modules/PX4Firmware/px4io-v2/NuttX/nuttx-export/libs/libnuttx.a(drivers-serial.o)
                0x0800738c                uart_datareceived
 .text.uart_datasent
                0x0800739c       0x10 /home/jj/ardupilot/build/px4-v2/modules/PX4Firmware/px4io-v2/NuttX/nuttx-export/libs/libnuttx.a(drivers-serial.o)
                0x0800739c                uart_datasent
 .text.get_errno_ptr
                0x080073ac       0x24 /home/jj/ardupilot/build/px4-v2/modules/PX4Firmware/px4io-v2/NuttX/nuttx-export/libs/libnuttx.a(sched-errno_getptr.o)
                0x080073ac                get_errno_ptr
 .text.exit     0x080073d0       0x1c /home/jj/ardupilot/build/px4-v2/modules/PX4Firmware/px4io-v2/NuttX/nuttx-export/libs/libnuttx.a(sched-exit.o)
                0x080073d0                exit
 .text.getpid   0x080073ec       0x10 /home/jj/ardupilot/build/px4-v2/modules/PX4Firmware/px4io-v2/NuttX/nuttx-export/libs/libnuttx.a(sched-getpid.o)
                0x080073ec                getpid
 .text.os_start
                0x080073fc      0x12c /home/jj/ardupilot/build/px4-v2/modules/PX4Firmware/px4io-v2/NuttX/nuttx-export/libs/libnuttx.a(sched-os_start.o)
                0x080073fc                os_start
 .text.sched_garbagecollection
                0x08007528       0x2c /home/jj/ardupilot/build/px4-v2/modules/PX4Firmware/px4io-v2/NuttX/nuttx-export/libs/libnuttx.a(sched-sched_garbage.o)
                0x08007528                sched_garbagecollection
 .text.sched_getfiles
                0x08007554       0x10 /home/jj/ardupilot/build/px4-v2/modules/PX4Firmware/px4io-v2/NuttX/nuttx-export/libs/libnuttx.a(sched-sched_getfiles.o)
                0x08007554                sched_getfiles
 .text.sem_post
                0x08007564       0x58 /home/jj/ardupilot/build/px4-v2/modules/PX4Firmware/px4io-v2/NuttX/nuttx-export/libs/libnuttx.a(sched-sem_post.o)
                0x08007564                sem_post
 .text.sem_trywait
                0x080075bc       0x4c /home/jj/ardupilot/build/px4-v2/modules/PX4Firmware/px4io-v2/NuttX/nuttx-export/libs/libnuttx.a(sched-sem_trywait.o)
                0x080075bc                sem_trywait
 .text.sem_wait
                0x08007608       0x84 /home/jj/ardupilot/build/px4-v2/modules/PX4Firmware/px4io-v2/NuttX/nuttx-export/libs/libnuttx.a(sched-sem_wait.o)
                0x08007608                sem_wait
 .text.task_exithook
                0x0800768c       0x1e /home/jj/ardupilot/build/px4-v2/modules/PX4Firmware/px4io-v2/NuttX/nuttx-export/libs/libnuttx.a(sched-task_exithook.o)
                0x0800768c                task_exithook
 .text.task_recover
                0x080076aa       0x26 /home/jj/ardupilot/build/px4-v2/modules/PX4Firmware/px4io-v2/NuttX/nuttx-export/libs/libnuttx.a(sched-task_recover.o)
                0x080076aa                task_recover
 .text.wd_cancel
                0x080076d0       0x64 /home/jj/ardupilot/build/px4-v2/modules/PX4Firmware/px4io-v2/NuttX/nuttx-export/libs/libnuttx.a(sched-wd_cancel.o)
                0x080076d0                wd_cancel
 .text.wd_delete
                0x08007734       0x3c /home/jj/ardupilot/build/px4-v2/modules/PX4Firmware/px4io-v2/NuttX/nuttx-export/libs/libnuttx.a(sched-wd_delete.o)
                0x08007734                wd_delete
 .text.wd_initialize
                0x08007770       0x44 /home/jj/ardupilot/build/px4-v2/modules/PX4Firmware/px4io-v2/NuttX/nuttx-export/libs/libnuttx.a(sched-wd_initialize.o)
                0x08007770                wd_initialize
 .text.dq_addfirst
                0x080077b4       0x18 /home/jj/ardupilot/build/px4-v2/modules/PX4Firmware/px4io-v2/NuttX/nuttx-export/libs/libnuttx.a(c-dq_addfirst.o)
                0x080077b4                dq_addfirst
 .text.cfgetspeed
                0x080077cc        0x4 /home/jj/ardupilot/build/px4-v2/modules/PX4Firmware/px4io-v2/NuttX/nuttx-export/libs/libnuttx.a(c-lib_cfgetspeed.o)
                0x080077cc                cfgetspeed
 .text.lib_checkbase
                0x080077d0       0x52 /home/jj/ardupilot/build/px4-v2/modules/PX4Firmware/px4io-v2/NuttX/nuttx-export/libs/libnuttx.a(c-lib_checkbase.o)
                0x080077d0                lib_checkbase
 .text.lib_isbasedigit
                0x08007822       0x4e /home/jj/ardupilot/build/px4-v2/modules/PX4Firmware/px4io-v2/NuttX/nuttx-export/libs/libnuttx.a(c-lib_isbasedigit.o)
                0x08007822                lib_isbasedigit
 .text.utodec   0x08007870       0x24 /home/jj/ardupilot/build/px4-v2/modules/PX4Firmware/px4io-v2/NuttX/nuttx-export/libs/libnuttx.a(c-lib_libvsprintf.o)
 .text.utooct   0x08007894       0x1e /home/jj/ardupilot/build/px4-v2/modules/PX4Firmware/px4io-v2/NuttX/nuttx-export/libs/libnuttx.a(c-lib_libvsprintf.o)
 .text.utobin   0x080078b2       0x1e /home/jj/ardupilot/build/px4-v2/modules/PX4Firmware/px4io-v2/NuttX/nuttx-export/libs/libnuttx.a(c-lib_libvsprintf.o)
 .text.llutodec
                0x080078d0       0x42 /home/jj/ardupilot/build/px4-v2/modules/PX4Firmware/px4io-v2/NuttX/nuttx-export/libs/libnuttx.a(c-lib_libvsprintf.o)
 .text.llutooct
                0x08007912       0x2e /home/jj/ardupilot/build/px4-v2/modules/PX4Firmware/px4io-v2/NuttX/nuttx-export/libs/libnuttx.a(c-lib_libvsprintf.o)
 .text.llutobin
                0x08007940       0x26 /home/jj/ardupilot/build/px4-v2/modules/PX4Firmware/px4io-v2/NuttX/nuttx-export/libs/libnuttx.a(c-lib_libvsprintf.o)
 .text.prejustify
                0x08007966       0x8a /home/jj/ardupilot/build/px4-v2/modules/PX4Firmware/px4io-v2/NuttX/nuttx-export/libs/libnuttx.a(c-lib_libvsprintf.o)
 .text.utohex   0x080079f0       0x4c /home/jj/ardupilot/build/px4-v2/modules/PX4Firmware/px4io-v2/NuttX/nuttx-export/libs/libnuttx.a(c-lib_libvsprintf.o)
 .text.utoascii
                0x08007a3c       0x88 /home/jj/ardupilot/build/px4-v2/modules/PX4Firmware/px4io-v2/NuttX/nuttx-export/libs/libnuttx.a(c-lib_libvsprintf.o)
 .text.llutohex
                0x08007ac4       0x5c /home/jj/ardupilot/build/px4-v2/modules/PX4Firmware/px4io-v2/NuttX/nuttx-export/libs/libnuttx.a(c-lib_libvsprintf.o)
 .text.llutoascii
                0x08007b20       0x92 /home/jj/ardupilot/build/px4-v2/modules/PX4Firmware/px4io-v2/NuttX/nuttx-export/libs/libnuttx.a(c-lib_libvsprintf.o)
 .text.postjustify
                0x08007bb2       0x26 /home/jj/ardupilot/build/px4-v2/modules/PX4Firmware/px4io-v2/NuttX/nuttx-export/libs/libnuttx.a(c-lib_libvsprintf.o)
 .text.lib_vsprintf
                0x08007bd8      0x2ac /home/jj/ardupilot/build/px4-v2/modules/PX4Firmware/px4io-v2/NuttX/nuttx-export/libs/libnuttx.a(c-lib_libvsprintf.o)
                0x08007bd8                lib_vsprintf
 .text.lowoutstream_putc
                0x08007e84       0x16 /home/jj/ardupilot/build/px4-v2/modules/PX4Firmware/px4io-v2/NuttX/nuttx-export/libs/libnuttx.a(c-lib_lowoutstream.o)
 *fill*         0x08007e9a        0x2 
 .text.lib_lowoutstream
                0x08007e9c       0x10 /home/jj/ardupilot/build/px4-v2/modules/PX4Firmware/px4io-v2/NuttX/nuttx-export/libs/libnuttx.a(c-lib_lowoutstream.o)
                0x08007e9c                lib_lowoutstream
 .text.memoutstream_putc
                0x08007eac       0x1a /home/jj/ardupilot/build/px4-v2/modules/PX4Firmware/px4io-v2/NuttX/nuttx-export/libs/libnuttx.a(c-lib_memoutstream.o)
 *fill*         0x08007ec6        0x2 
 .text.lib_memoutstream
                0x08007ec8       0x18 /home/jj/ardupilot/build/px4-v2/modules/PX4Firmware/px4io-v2/NuttX/nuttx-export/libs/libnuttx.a(c-lib_memoutstream.o)
                0x08007ec8                lib_memoutstream
 .text.nulloutstream_putc
                0x08007ee0        0x8 /home/jj/ardupilot/build/px4-v2/modules/PX4Firmware/px4io-v2/NuttX/nuttx-export/libs/libnuttx.a(c-lib_nulloutstream.o)
 .text.lib_nulloutstream
                0x08007ee8       0x10 /home/jj/ardupilot/build/px4-v2/modules/PX4Firmware/px4io-v2/NuttX/nuttx-export/libs/libnuttx.a(c-lib_nulloutstream.o)
                0x08007ee8                lib_nulloutstream
 .text.rawoutstream_putc
                0x08007ef8       0x2e /home/jj/ardupilot/build/px4-v2/modules/PX4Firmware/px4io-v2/NuttX/nuttx-export/libs/libnuttx.a(c-lib_rawoutstream.o)
 *fill*         0x08007f26        0x2 
 .text.lib_rawoutstream
                0x08007f28       0x10 /home/jj/ardupilot/build/px4-v2/modules/PX4Firmware/px4io-v2/NuttX/nuttx-export/libs/libnuttx.a(c-lib_rawoutstream.o)
                0x08007f28                lib_rawoutstream
 .text.lib_skipspace
                0x08007f38       0x16 /home/jj/ardupilot/build/px4-v2/modules/PX4Firmware/px4io-v2/NuttX/nuttx-export/libs/libnuttx.a(c-lib_skipspace.o)
                0x08007f38                lib_skipspace
 .text.strcpy   0x08007f4e       0x10 /home/jj/ardupilot/build/px4-v2/modules/PX4Firmware/px4io-v2/NuttX/nuttx-export/libs/libnuttx.a(c-lib_strcpy.o)
                0x08007f4e                strcpy
 .text.strlen   0x08007f5e       0x10 /home/jj/ardupilot/build/px4-v2/modules/PX4Firmware/px4io-v2/NuttX/nuttx-export/libs/libnuttx.a(c-lib_strlen.o)
                0x08007f5e                strlen
 .text.sem_init
                0x08007f6e       0x1e /home/jj/ardupilot/build/px4-v2/modules/PX4Firmware/px4io-v2/NuttX/nuttx-export/libs/libnuttx.a(c-sem_init.o)
                0x08007f6e                sem_init
 .text.sq_remafter
                0x08007f8c       0x22 /home/jj/ardupilot/build/px4-v2/modules/PX4Firmware/px4io-v2/NuttX/nuttx-export/libs/libnuttx.a(c-sq_remafter.o)
                0x08007f8c                sq_remafter
 .text.sq_remfirst
                0x08007fae       0x14 /home/jj/ardupilot/build/px4-v2/modules/PX4Firmware/px4io-v2/NuttX/nuttx-export/libs/libnuttx.a(c-sq_remfirst.o)
                0x08007fae                sq_remfirst
 .text.mm_addfreechunk
                0x08007fc2       0x36 /home/jj/ardupilot/build/px4-v2/modules/PX4Firmware/px4io-v2/NuttX/nuttx-export/libs/libnuttx.a(mm-mm_addfreechunk.o)
                0x08007fc2                mm_addfreechunk
 .text.mm_addregion
                0x08007ff8       0x50 /home/jj/ardupilot/build/px4-v2/modules/PX4Firmware/px4io-v2/NuttX/nuttx-export/libs/libnuttx.a(mm-mm_initialize.o)
                0x08007ff8                mm_addregion
 .text.mm_initialize
                0x08008048       0x40 /home/jj/ardupilot/build/px4-v2/modules/PX4Firmware/px4io-v2/NuttX/nuttx-export/libs/libnuttx.a(mm-mm_initialize.o)
                0x08008048                mm_initialize
 .text.up_allocate_heap
                0x08008088       0x14 /home/jj/ardupilot/build/px4-v2/modules/PX4Firmware/px4io-v2/NuttX/nuttx-export/libs/libnuttx.a(arch-stm32_allocateheap.o)
                0x08008088                up_allocate_heap
 .text.up_idle  0x0800809c        0x4 /home/jj/ardupilot/build/px4-v2/modules/PX4Firmware/px4io-v2/NuttX/nuttx-export/libs/libnuttx.a(arch-stm32_idle.o)
                0x0800809c                up_idle
 .text.up_lowputc
                0x080080a0       0x18 /home/jj/ardupilot/build/px4-v2/modules/PX4Firmware/px4io-v2/NuttX/nuttx-export/libs/libnuttx.a(arch-stm32_lowputc.o)
                0x080080a0                up_lowputc
 .text.stm32_lowsetup
                0x080080b8       0x6c /home/jj/ardupilot/build/px4-v2/modules/PX4Firmware/px4io-v2/NuttX/nuttx-export/libs/libnuttx.a(arch-stm32_lowputc.o)
                0x080080b8                stm32_lowsetup
 .text.stm32_clockconfig
                0x08008124       0xe8 /home/jj/ardupilot/build/px4-v2/modules/PX4Firmware/px4io-v2/NuttX/nuttx-export/libs/libnuttx.a(arch-stm32_rcc.o)
                0x08008124                stm32_clockconfig
 .text.up_block_task
                0x0800820c       0x74 /home/jj/ardupilot/build/px4-v2/modules/PX4Firmware/px4io-v2/NuttX/nuttx-export/libs/libnuttx.a(arch-up_blocktask.o)
                0x0800820c                up_block_task
 .text.up_copystate
                0x08008280       0x16 /home/jj/ardupilot/build/px4-v2/modules/PX4Firmware/px4io-v2/NuttX/nuttx-export/libs/libnuttx.a(arch-up_copystate.o)
                0x08008280                up_copystate
 .text          0x08008296       0x5e /home/jj/ardupilot/build/px4-v2/modules/PX4Firmware/px4io-v2/NuttX/nuttx-export/libs/libnuttx.a(arch-up_exception.o)
                0x08008296                exception_common
 .text._exit    0x080082f4       0x1c /home/jj/ardupilot/build/px4-v2/modules/PX4Firmware/px4io-v2/NuttX/nuttx-export/libs/libnuttx.a(arch-up_exit.o)
                0x080082f4                _exit
 .text          0x08008310        0xa /home/jj/ardupilot/build/px4-v2/modules/PX4Firmware/px4io-v2/NuttX/nuttx-export/libs/libnuttx.a(arch-up_fullcontextrestore.o)
                0x08008310                up_fullcontextrestore
 *fill*         0x0800831a        0x2 
 .text.up_initialize
                0x0800831c       0x28 /home/jj/ardupilot/build/px4-v2/modules/PX4Firmware/px4io-v2/NuttX/nuttx-export/libs/libnuttx.a(arch-up_initialize.o)
                0x0800831c                up_initialize
 .text.up_initial_state
                0x08008344       0x34 /home/jj/ardupilot/build/px4-v2/modules/PX4Firmware/px4io-v2/NuttX/nuttx-export/libs/libnuttx.a(arch-up_initialstate.o)
                0x08008344                up_initial_state
 .text.up_interrupt_context
                0x08008378       0x10 /home/jj/ardupilot/build/px4-v2/modules/PX4Firmware/px4io-v2/NuttX/nuttx-export/libs/libnuttx.a(arch-up_interruptcontext.o)
                0x08008378                up_interrupt_context
 .text.up_mdelay
                0x08008388       0x28 /home/jj/ardupilot/build/px4-v2/modules/PX4Firmware/px4io-v2/NuttX/nuttx-export/libs/libnuttx.a(arch-up_mdelay.o)
                0x08008388                up_mdelay
 .text          0x080083b0        0xc /home/jj/ardupilot/build/px4-v2/modules/PX4Firmware/px4io-v2/NuttX/nuttx-export/libs/libnuttx.a(arch-up_switchcontext.o)
                0x080083b0                up_switchcontext
 .text.up_unblock_task
                0x080083bc       0x54 /home/jj/ardupilot/build/px4-v2/modules/PX4Firmware/px4io-v2/NuttX/nuttx-export/libs/libnuttx.a(arch-up_unblocktask.o)
                0x080083bc                up_unblock_task
 .text._files_close
                0x08008410       0x2a /home/jj/ardupilot/build/px4-v2/modules/PX4Firmware/px4io-v2/NuttX/nuttx-export/libs/libnuttx.a(fs-fs_files.o)
 *fill*         0x0800843a        0x2 
 .text._files_semtake
                0x0800843c       0x24 /home/jj/ardupilot/build/px4-v2/modules/PX4Firmware/px4io-v2/NuttX/nuttx-export/libs/libnuttx.a(fs-fs_files.o)
 .text.files_initialize
                0x08008460        0x2 /home/jj/ardupilot/build/px4-v2/modules/PX4Firmware/px4io-v2/NuttX/nuttx-export/libs/libnuttx.a(fs-fs_files.o)
                0x08008460                files_initialize
 .text.files_initlist
                0x08008462        0x8 /home/jj/ardupilot/build/px4-v2/modules/PX4Firmware/px4io-v2/NuttX/nuttx-export/libs/libnuttx.a(fs-fs_files.o)
                0x08008462                files_initlist
 .text.files_releaselist
                0x0800846a       0x20 /home/jj/ardupilot/build/px4-v2/modules/PX4Firmware/px4io-v2/NuttX/nuttx-export/libs/libnuttx.a(fs-fs_files.o)
                0x0800846a                files_releaselist
 .text.files_dup
                0x0800848a       0x80 /home/jj/ardupilot/build/px4-v2/modules/PX4Firmware/px4io-v2/NuttX/nuttx-export/libs/libnuttx.a(fs-fs_files.o)
                0x0800848a                files_dup
 .text.files_allocate
                0x0800850a       0x56 /home/jj/ardupilot/build/px4-v2/modules/PX4Firmware/px4io-v2/NuttX/nuttx-export/libs/libnuttx.a(fs-fs_files.o)
                0x0800850a                files_allocate
 .text.files_close
                0x08008560       0x3a /home/jj/ardupilot/build/px4-v2/modules/PX4Firmware/px4io-v2/NuttX/nuttx-export/libs/libnuttx.a(fs-fs_files.o)
                0x08008560                files_close
 .text.files_release
                0x0800859a       0x2e /home/jj/ardupilot/build/px4-v2/modules/PX4Firmware/px4io-v2/NuttX/nuttx-export/libs/libnuttx.a(fs-fs_files.o)
                0x0800859a                files_release
 .text.inode_addref
                0x080085c8       0x1a /home/jj/ardupilot/build/px4-v2/modules/PX4Firmware/px4io-v2/NuttX/nuttx-export/libs/libnuttx.a(fs-fs_inodeaddref.o)
                0x080085c8                inode_addref
 .text.inode_find
                0x080085e2       0x34 /home/jj/ardupilot/build/px4-v2/modules/PX4Firmware/px4io-v2/NuttX/nuttx-export/libs/libnuttx.a(fs-fs_inodefind.o)
                0x080085e2                inode_find
 *fill*         0x08008616        0x2 
 .text.fs_initialize
                0x08008618       0x20 /home/jj/ardupilot/build/px4-v2/modules/PX4Firmware/px4io-v2/NuttX/nuttx-export/libs/libnuttx.a(fs-fs_inode.o)
                0x08008618                fs_initialize
 .text.inode_semtake
                0x08008638       0x28 /home/jj/ardupilot/build/px4-v2/modules/PX4Firmware/px4io-v2/NuttX/nuttx-export/libs/libnuttx.a(fs-fs_inode.o)
                0x08008638                inode_semtake
 .text.inode_semgive
                0x08008660        0xc /home/jj/ardupilot/build/px4-v2/modules/PX4Firmware/px4io-v2/NuttX/nuttx-export/libs/libnuttx.a(fs-fs_inode.o)
                0x08008660                inode_semgive
 .text.inode_free
                0x0800866c       0x1e /home/jj/ardupilot/build/px4-v2/modules/PX4Firmware/px4io-v2/NuttX/nuttx-export/libs/libnuttx.a(fs-fs_inode.o)
                0x0800866c                inode_free
 .text.inode_nextname
                0x0800868a       0x12 /home/jj/ardupilot/build/px4-v2/modules/PX4Firmware/px4io-v2/NuttX/nuttx-export/libs/libnuttx.a(fs-fs_inode.o)
                0x0800868a                inode_nextname
 .text.inode_search
                0x0800869c       0xa4 /home/jj/ardupilot/build/px4-v2/modules/PX4Firmware/px4io-v2/NuttX/nuttx-export/libs/libnuttx.a(fs-fs_inode.o)
                0x0800869c                inode_search
 .text.inode_release
                0x08008740       0x3e /home/jj/ardupilot/build/px4-v2/modules/PX4Firmware/px4io-v2/NuttX/nuttx-export/libs/libnuttx.a(fs-fs_inoderelease.o)
                0x08008740                inode_release
 .text.register_driver
                0x0800877e       0x32 /home/jj/ardupilot/build/px4-v2/modules/PX4Firmware/px4io-v2/NuttX/nuttx-export/libs/libnuttx.a(fs-fs_registerdriver.o)
                0x0800877e                register_driver
 .text.group_allocate
                0x080087b0       0x18 /home/jj/ardupilot/build/px4-v2/modules/PX4Firmware/px4io-v2/NuttX/nuttx-export/libs/libnuttx.a(sched-group_create.o)
                0x080087b0                group_allocate
 .text.group_initialize
                0x080087c8        0xa /home/jj/ardupilot/build/px4-v2/modules/PX4Firmware/px4io-v2/NuttX/nuttx-export/libs/libnuttx.a(sched-group_create.o)
                0x080087c8                group_initialize
 .text.group_leave
                0x080087d2       0x26 /home/jj/ardupilot/build/px4-v2/modules/PX4Firmware/px4io-v2/NuttX/nuttx-export/libs/libnuttx.a(sched-group_leave.o)
                0x080087d2                group_leave
 .text.group_setupidlefiles
                0x080087f8       0x38 /home/jj/ardupilot/build/px4-v2/modules/PX4Firmware/px4io-v2/NuttX/nuttx-export/libs/libnuttx.a(sched-group_setupidlefiles.o)
                0x080087f8                group_setupidlefiles
 .text.os_bringup
                0x08008830       0x34 /home/jj/ardupilot/build/px4-v2/modules/PX4Firmware/px4io-v2/NuttX/nuttx-export/libs/libnuttx.a(sched-os_bringup.o)
                0x08008830                os_bringup
 .text.sched_addblocked
                0x08008864       0x38 /home/jj/ardupilot/build/px4-v2/modules/PX4Firmware/px4io-v2/NuttX/nuttx-export/libs/libnuttx.a(sched-sched_addblocked.o)
                0x08008864                sched_addblocked
 .text.sched_addprioritized
                0x0800889c       0x54 /home/jj/ardupilot/build/px4-v2/modules/PX4Firmware/px4io-v2/NuttX/nuttx-export/libs/libnuttx.a(sched-sched_addprioritized.o)
                0x0800889c                sched_addprioritized
 .text.sched_addreadytorun
                0x080088f0       0x60 /home/jj/ardupilot/build/px4-v2/modules/PX4Firmware/px4io-v2/NuttX/nuttx-export/libs/libnuttx.a(sched-sched_addreadytorun.o)
                0x080088f0                sched_addreadytorun
 .text.sched_ufree
                0x08008950       0x3c /home/jj/ardupilot/build/px4-v2/modules/PX4Firmware/px4io-v2/NuttX/nuttx-export/libs/libnuttx.a(sched-sched_free.o)
                0x08008950                sched_ufree
 .text.sched_mergepending
                0x0800898c       0x64 /home/jj/ardupilot/build/px4-v2/modules/PX4Firmware/px4io-v2/NuttX/nuttx-export/libs/libnuttx.a(sched-sched_mergepending.o)
                0x0800898c                sched_mergepending
 .text.sched_removeblocked
                0x080089f0       0x2c /home/jj/ardupilot/build/px4-v2/modules/PX4Firmware/px4io-v2/NuttX/nuttx-export/libs/libnuttx.a(sched-sched_removeblocked.o)
                0x080089f0                sched_removeblocked
 .text.sched_removereadytorun
                0x08008a1c       0x38 /home/jj/ardupilot/build/px4-v2/modules/PX4Firmware/px4io-v2/NuttX/nuttx-export/libs/libnuttx.a(sched-sched_removereadytorun.o)
                0x08008a1c                sched_removereadytorun
 .text.sem_destroy
                0x08008a54       0x26 /home/jj/ardupilot/build/px4-v2/modules/PX4Firmware/px4io-v2/NuttX/nuttx-export/libs/libnuttx.a(sched-sem_destroy.o)
                0x08008a54                sem_destroy
 *fill*         0x08008a7a        0x2 
 .text.thread_create
                0x08008a7c       0xa8 /home/jj/ardupilot/build/px4-v2/modules/PX4Firmware/px4io-v2/NuttX/nuttx-export/libs/libnuttx.a(sched-task_create.o)
 .text.task_create
                0x08008b24       0x1a /home/jj/ardupilot/build/px4-v2/modules/PX4Firmware/px4io-v2/NuttX/nuttx-export/libs/libnuttx.a(sched-task_create.o)
                0x08008b24                task_create
 *fill*         0x08008b3e        0x2 
 .text.task_exit
                0x08008b40       0x4c /home/jj/ardupilot/build/px4-v2/modules/PX4Firmware/px4io-v2/NuttX/nuttx-export/libs/libnuttx.a(sched-task_exit.o)
                0x08008b40                task_exit
 .text.task_schedsetup
                0x08008b8c       0xa4 /home/jj/ardupilot/build/px4-v2/modules/PX4Firmware/px4io-v2/NuttX/nuttx-export/libs/libnuttx.a(sched-task_setup.o)
                0x08008b8c                task_schedsetup
 .text.task_argsetup
                0x08008c30       0x5c /home/jj/ardupilot/build/px4-v2/modules/PX4Firmware/px4io-v2/NuttX/nuttx-export/libs/libnuttx.a(sched-task_setup.o)
                0x08008c30                task_argsetup
 .text.task_start
                0x08008c8c       0x28 /home/jj/ardupilot/build/px4-v2/modules/PX4Firmware/px4io-v2/NuttX/nuttx-export/libs/libnuttx.a(sched-task_start.o)
                0x08008c8c                task_start
 .text.task_terminate
                0x08008cb4       0x78 /home/jj/ardupilot/build/px4-v2/modules/PX4Firmware/px4io-v2/NuttX/nuttx-export/libs/libnuttx.a(sched-task_terminate.o)
                0x08008cb4                task_terminate
 .text.dq_addlast
                0x08008d2c       0x18 /home/jj/ardupilot/build/px4-v2/modules/PX4Firmware/px4io-v2/NuttX/nuttx-export/libs/libnuttx.a(c-dq_addlast.o)
                0x08008d2c                dq_addlast
 .text.dq_rem   0x08008d44       0x1c /home/jj/ardupilot/build/px4-v2/modules/PX4Firmware/px4io-v2/NuttX/nuttx-export/libs/libnuttx.a(c-dq_rem.o)
                0x08008d44                dq_rem
 .text.strdup   0x08008d60       0x1c /home/jj/ardupilot/build/px4-v2/modules/PX4Firmware/px4io-v2/NuttX/nuttx-export/libs/libnuttx.a(c-lib_strdup.o)
                0x08008d60                strdup
 .text.up_timerisr
                0x08008d7c        0xa /home/jj/ardupilot/build/px4-v2/modules/PX4Firmware/px4io-v2/NuttX/nuttx-export/libs/libnuttx.a(arch-stm32_timerisr.o)
                0x08008d7c                up_timerisr
 *fill*         0x08008d86        0x2 
 .text.up_timerinit
                0x08008d88       0x40 /home/jj/ardupilot/build/px4-v2/modules/PX4Firmware/px4io-v2/NuttX/nuttx-export/libs/libnuttx.a(arch-stm32_timerisr.o)
                0x08008d88                up_timerinit
 .text.up_create_stack
                0x08008dc8       0x42 /home/jj/ardupilot/build/px4-v2/modules/PX4Firmware/px4io-v2/NuttX/nuttx-export/libs/libnuttx.a(arch-up_createstack.o)
                0x08008dc8                up_create_stack
 *fill*         0x08008e0a        0x2 
 .text.up_doirq
                0x08008e0c       0x2c /home/jj/ardupilot/build/px4-v2/modules/PX4Firmware/px4io-v2/NuttX/nuttx-export/libs/libnuttx.a(arch-up_doirq.o)
                0x08008e0c                up_doirq
 .text.up_release_stack
                0x08008e38       0x16 /home/jj/ardupilot/build/px4-v2/modules/PX4Firmware/px4io-v2/NuttX/nuttx-export/libs/libnuttx.a(arch-up_releasestack.o)
                0x08008e38                up_release_stack
 .text.close    0x08008e4e       0x24 /home/jj/ardupilot/build/px4-v2/modules/PX4Firmware/px4io-v2/NuttX/nuttx-export/libs/libnuttx.a(fs-fs_close.o)
                0x08008e4e                close
 .text.dup2     0x08008e72       0x4a /home/jj/ardupilot/build/px4-v2/modules/PX4Firmware/px4io-v2/NuttX/nuttx-export/libs/libnuttx.a(fs-fs_filedup2.o)
                0x08008e72                dup2
 .text.inode_alloc
                0x08008ebc       0x3c /home/jj/ardupilot/build/px4-v2/modules/PX4Firmware/px4io-v2/NuttX/nuttx-export/libs/libnuttx.a(fs-fs_inodereserve.o)
 .text.inode_reserve
                0x08008ef8       0xa4 /home/jj/ardupilot/build/px4-v2/modules/PX4Firmware/px4io-v2/NuttX/nuttx-export/libs/libnuttx.a(fs-fs_inodereserve.o)
                0x08008ef8                inode_reserve
 .text.group_setuptaskfiles
                0x08008f9c        0xe /home/jj/ardupilot/build/px4-v2/modules/PX4Firmware/px4io-v2/NuttX/nuttx-export/libs/libnuttx.a(sched-group_setuptaskfiles.o)
                0x08008f9c                group_setuptaskfiles
 *fill*         0x08008faa        0x2 
 .text.irq_dispatch
                0x08008fac       0x20 /home/jj/ardupilot/build/px4-v2/modules/PX4Firmware/px4io-v2/NuttX/nuttx-export/libs/libnuttx.a(sched-irq_dispatch.o)
                0x08008fac                irq_dispatch
 .text.sched_gettcb
                0x08008fcc       0x24 /home/jj/ardupilot/build/px4-v2/modules/PX4Firmware/px4io-v2/NuttX/nuttx-export/libs/libnuttx.a(sched-sched_gettcb.o)
                0x08008fcc                sched_gettcb
 .text.sched_lock
                0x08008ff0       0x30 /home/jj/ardupilot/build/px4-v2/modules/PX4Firmware/px4io-v2/NuttX/nuttx-export/libs/libnuttx.a(sched-sched_lock.o)
                0x08008ff0                sched_lock
 .text.sched_process_timer
                0x08009020       0x1c /home/jj/ardupilot/build/px4-v2/modules/PX4Firmware/px4io-v2/NuttX/nuttx-export/libs/libnuttx.a(sched-sched_processtimer.o)
                0x08009020                sched_process_timer
 .text.sched_releasetcb
                0x0800903c       0x54 /home/jj/ardupilot/build/px4-v2/modules/PX4Firmware/px4io-v2/NuttX/nuttx-export/libs/libnuttx.a(sched-sched_releasetcb.o)
                0x0800903c                sched_releasetcb
 .text.sched_unlock
                0x08009090       0x48 /home/jj/ardupilot/build/px4-v2/modules/PX4Firmware/px4io-v2/NuttX/nuttx-export/libs/libnuttx.a(sched-sched_unlock.o)
                0x08009090                sched_unlock
 .text.task_activate
                0x080090d8       0x18 /home/jj/ardupilot/build/px4-v2/modules/PX4Firmware/px4io-v2/NuttX/nuttx-export/libs/libnuttx.a(sched-task_activate.o)
                0x080090d8                task_activate
 .text.up_release_pending
                0x080090f0       0x38 /home/jj/ardupilot/build/px4-v2/modules/PX4Firmware/px4io-v2/NuttX/nuttx-export/libs/libnuttx.a(arch-up_releasepending.o)
                0x080090f0                up_release_pending
 .text.__fpclassifyf
                0x08009128       0x34 /opt/gcc-arm-none-eabi-4_9-2015q3/bin/../lib/gcc/arm-none-eabi/4.9.3/../../../../arm-none-eabi/lib/armv7-m/libm.a(lib_a-sf_fpclassify.o)
                0x08009128                __fpclassifyf
 .text          0x0800915c       0x18 /opt/gcc-arm-none-eabi-4_9-2015q3/bin/../lib/gcc/arm-none-eabi/4.9.3/armv7-m/libgcc.a(_lshrdi3.o)
                0x0800915c                __aeabi_llsr
                0x0800915c                __lshrdi3
 .text          0x08009174      0x21c /opt/gcc-arm-none-eabi-4_9-2015q3/bin/../lib/gcc/arm-none-eabi/4.9.3/armv7-m/libgcc.a(_arm_addsubsf3.o)
                0x08009174                __aeabi_frsub
                0x0800917c                __subsf3
                0x0800917c                __aeabi_fsub
                0x08009180                __aeabi_fadd
                0x08009180                __addsf3
                0x080092e0                __aeabi_ui2f
                0x080092e0                __floatunsisf
                0x080092e8                __aeabi_i2f
                0x080092e8                __floatsisf
                0x08009304                __floatundisf
                0x08009304                __aeabi_ul2f
                0x08009314                __floatdisf
                0x08009314                __aeabi_l2f
 .text          0x08009390      0x2a0 /opt/gcc-arm-none-eabi-4_9-2015q3/bin/../lib/gcc/arm-none-eabi/4.9.3/armv7-m/libgcc.a(_arm_muldivsf3.o)
                0x08009390                __mulsf3
                0x08009390                __aeabi_fmul
                0x080094f8                __divsf3
                0x080094f8                __aeabi_fdiv
 .text          0x08009630       0xec /opt/gcc-arm-none-eabi-4_9-2015q3/bin/../lib/gcc/arm-none-eabi/4.9.3/armv7-m/libgcc.a(_arm_cmpsf2.o)
                0x08009630                __gtsf2
                0x08009630                __gesf2
                0x08009638                __lesf2
                0x08009638                __ltsf2
                0x08009640                __nesf2
                0x08009640                __eqsf2
                0x08009640                __cmpsf2
                0x080096a0                __aeabi_cfrcmple
                0x080096a8                __aeabi_cfcmple
                0x080096a8                __aeabi_cfcmpeq
                0x080096b8                __aeabi_fcmpeq
                0x080096cc                __aeabi_fcmplt
                0x080096e0                __aeabi_fcmple
                0x080096f4                __aeabi_fcmpge
                0x08009708                __aeabi_fcmpgt
 .text          0x0800971c       0x4c /opt/gcc-arm-none-eabi-4_9-2015q3/bin/../lib/gcc/arm-none-eabi/4.9.3/armv7-m/libgcc.a(_arm_fixsfsi.o)
                0x0800971c                __fixsfsi
                0x0800971c                __aeabi_f2iz
 .text          0x08009768       0x40 /opt/gcc-arm-none-eabi-4_9-2015q3/bin/../lib/gcc/arm-none-eabi/4.9.3/armv7-m/libgcc.a(_arm_fixunssfsi.o)
                0x08009768                __aeabi_f2uiz
                0x08009768                __fixunssfsi
 .text          0x080097a8       0x30 /opt/gcc-arm-none-eabi-4_9-2015q3/bin/../lib/gcc/arm-none-eabi/4.9.3/armv7-m/libgcc.a(_aeabi_uldivmod.o)
                0x080097a8                __aeabi_uldivmod
 .text          0x080097d8       0x28 /opt/gcc-arm-none-eabi-4_9-2015q3/bin/../lib/gcc/arm-none-eabi/4.9.3/armv7-m/libgcc.a(_popcountsi2.o)
                0x080097d8                __popcountsi2
 .text          0x08009800       0x60 /opt/gcc-arm-none-eabi-4_9-2015q3/bin/../lib/gcc/arm-none-eabi/4.9.3/armv7-m/libgcc.a(bpabi.o)
                0x08009800                __gnu_ldivmod_helper
                0x08009830                __gnu_uldivmod_helper
 .text          0x08009860        0x4 /opt/gcc-arm-none-eabi-4_9-2015q3/bin/../lib/gcc/arm-none-eabi/4.9.3/armv7-m/libgcc.a(_dvmd_tls.o)
                0x08009860                __aeabi_ldiv0
                0x08009860                __aeabi_idiv0
 .text          0x08009864      0x2ac /opt/gcc-arm-none-eabi-4_9-2015q3/bin/../lib/gcc/arm-none-eabi/4.9.3/armv7-m/libgcc.a(_divdi3.o)
                0x08009864                __divdi3
 .text          0x08009b10      0x270 /opt/gcc-arm-none-eabi-4_9-2015q3/bin/../lib/gcc/arm-none-eabi/4.9.3/armv7-m/libgcc.a(_udivdi3.o)
                0x08009b10                __udivdi3
 *(.fixup)
 *(.gnu.warning)
 *(.rodata .rodata.*)
 .rodata.str1.1
                0x08009d80       0x16 CMakeFiles/px4io-v2.dir/controls.c.obj
 .rodata.str1.1
                0x08009d96       0x5f CMakeFiles/px4io-v2.dir/px4io.c.obj
                                 0x63 (size before relaxing)
 .rodata.str1.1
                0x08009df5       0x33 CMakeFiles/px4io-v2.dir/registers.c.obj
 .rodata.str1.1
                0x08009e28       0x58 CMakeFiles/px4io-v2.dir/mixer.cpp.obj
 .rodata._ZTV5Mixer
                0x08009e80       0x18 CMakeFiles/px4io-v2.dir/__/systemlib/mixer/mixer.cpp.obj
                0x08009e80                vtable for Mixer
 .rodata._ZTV9NullMixer
                0x08009e98       0x18 CMakeFiles/px4io-v2.dir/__/systemlib/mixer/mixer.cpp.obj
                0x08009e98                vtable for NullMixer
 .rodata._ZTV10MixerGroup
                0x08009eb0       0x18 CMakeFiles/px4io-v2.dir/__/systemlib/mixer/mixer_group.cpp.obj
                0x08009eb0                vtable for MixerGroup
 .rodata._ZTV11SimpleMixer
                0x08009ec8       0x18 CMakeFiles/px4io-v2.dir/__/systemlib/mixer/mixer_simple.cpp.obj
                0x08009ec8                vtable for SimpleMixer
 .rodata.str1.1
                0x08009ee0       0x35 CMakeFiles/px4io-v2.dir/__/systemlib/mixer/mixer_simple.cpp.obj
 .rodata.str1.1
                0x08009f15      0x238 CMakeFiles/px4io-v2.dir/__/__/lib/rc/sumd.c.obj
 .rodata.sbus_decoder
                0x0800a14d       0xc0 CMakeFiles/px4io-v2.dir/__/__/lib/rc/sbus.c.obj
 *fill*         0x0800a20d        0x3 
 .rodata.masks.6954
                0x0800a210       0x1c CMakeFiles/px4io-v2.dir/__/__/lib/rc/dsm.c.obj
 .rodata.latency_buckets
                0x0800a22c       0x10 CMakeFiles/px4io-v2.dir/__/__/drivers/stm32/drv_hrt.c.obj
                0x0800a22c                latency_buckets
 .rodata.io_timers
                0x0800a23c       0x80 CMakeFiles/px4io-v2.dir/__/__/drivers/boards/px4io-v2/px4io_timer_config.c.obj
                0x0800a23c                io_timers
 .rodata.timer_io_channels
                0x0800a2bc       0x80 CMakeFiles/px4io-v2.dir/__/__/drivers/boards/px4io-v2/px4io_timer_config.c.obj
                0x0800a2bc                timer_io_channels
 .rodata.crc8_tab
                0x0800a33c      0x100 CMakeFiles/px4io-v2.dir/serial.c.obj
 .rodata.str1.1
                0x0800a43c       0x14 /home/jj/ardupilot/build/px4-v2/modules/PX4Firmware/px4io-v2/NuttX/nuttx-export/libs/libnuttx.a(sched-irq_unexpectedisr.o)
 .rodata.crc32_tab
                0x0800a450      0x400 /home/jj/ardupilot/build/px4-v2/modules/PX4Firmware/px4io-v2/NuttX/nuttx-export/libs/libnuttx.a(c-lib_crc32.o)
 .rodata.str1.1
                0x0800a850       0x14 /home/jj/ardupilot/build/px4-v2/modules/PX4Firmware/px4io-v2/NuttX/nuttx-export/libs/libnuttx.a(c-lib_sscanf.o)
 .rodata.spaces
                0x0800a864        0x7 /home/jj/ardupilot/build/px4-v2/modules/PX4Firmware/px4io-v2/NuttX/nuttx-export/libs/libnuttx.a(c-lib_sscanf.o)
 .rodata.str1.1
                0x0800a86b        0x9 /home/jj/ardupilot/build/px4-v2/modules/PX4Firmware/px4io-v2/NuttX/nuttx-export/libs/libnuttx.a(mm-mm_sem.o)
 .rodata.str1.1
                0x0800a874       0x17 /home/jj/ardupilot/build/px4-v2/modules/PX4Firmware/px4io-v2/NuttX/nuttx-export/libs/libnuttx.a(arch-stm32_dma.o)
 *fill*         0x0800a88b        0x1 
 .rodata.g_gpiobase
                0x0800a88c       0x10 /home/jj/ardupilot/build/px4-v2/modules/PX4Firmware/px4io-v2/NuttX/nuttx-export/libs/libnuttx.a(arch-stm32_gpio.o)
                0x0800a88c                g_gpiobase
 .rodata.str1.1
                0x0800a89c       0x18 /home/jj/ardupilot/build/px4-v2/modules/PX4Firmware/px4io-v2/NuttX/nuttx-export/libs/libnuttx.a(arch-stm32_serial.o)
                                 0x23 (size before relaxing)
 .rodata.uart_devs
                0x0800a8b4        0xc /home/jj/ardupilot/build/px4-v2/modules/PX4Firmware/px4io-v2/NuttX/nuttx-export/libs/libnuttx.a(arch-stm32_serial.o)
 .rodata.g_uart_ops
                0x0800a8c0       0x34 /home/jj/ardupilot/build/px4-v2/modules/PX4Firmware/px4io-v2/NuttX/nuttx-export/libs/libnuttx.a(arch-stm32_serial.o)
 .rodata.g_uart_dma_ops
                0x0800a8f4       0x34 /home/jj/ardupilot/build/px4-v2/modules/PX4Firmware/px4io-v2/NuttX/nuttx-export/libs/libnuttx.a(arch-stm32_serial.o)
 .rodata.str1.1
                0x0800a928      0x160 /home/jj/ardupilot/build/px4-v2/modules/PX4Firmware/px4io-v2/NuttX/nuttx-export/libs/libnuttx.a(arch-up_assert.o)
 .rodata.str1.1
                0x0800aa88       0x17 /home/jj/ardupilot/build/px4-v2/modules/PX4Firmware/px4io-v2/NuttX/nuttx-export/libs/libnuttx.a(arch-up_hardfault.o)
 .rodata.str1.1
                0x0800aa9f       0x19 /home/jj/ardupilot/build/px4-v2/modules/PX4Firmware/px4io-v2/NuttX/nuttx-export/libs/libnuttx.a(cxx-libxx_cxapurevirtual.o)
 .rodata.str1.1
                0x0800aab8       0x10 /home/jj/ardupilot/build/px4-v2/modules/PX4Firmware/px4io-v2/NuttX/nuttx-export/libs/libnuttx.a(drivers-serial.o)
 .rodata.g_serialops
                0x0800aac8       0x18 /home/jj/ardupilot/build/px4-v2/modules/PX4Firmware/px4io-v2/NuttX/nuttx-export/libs/libnuttx.a(drivers-serial.o)
 .rodata.g_idlename
                0x0800aae0        0xa /home/jj/ardupilot/build/px4-v2/modules/PX4Firmware/px4io-v2/NuttX/nuttx-export/libs/libnuttx.a(sched-os_start.o)
 *fill*         0x0800aaea        0x2 
 .rodata.g_tasklisttable
                0x0800aaec       0x30 /home/jj/ardupilot/build/px4-v2/modules/PX4Firmware/px4io-v2/NuttX/nuttx-export/libs/libnuttx.a(sched-os_start.o)
                0x0800aaec                g_tasklisttable
 .rodata.str1.1
                0x0800ab1c        0xb /home/jj/ardupilot/build/px4-v2/modules/PX4Firmware/px4io-v2/NuttX/nuttx-export/libs/libnuttx.a(sched-sem_post.o)
 .rodata.str1.1
                0x0800ab27        0xb /home/jj/ardupilot/build/px4-v2/modules/PX4Firmware/px4io-v2/NuttX/nuttx-export/libs/libnuttx.a(sched-sem_wait.o)
 .rodata.str1.1
                0x0800ab32        0xc /home/jj/ardupilot/build/px4-v2/modules/PX4Firmware/px4io-v2/NuttX/nuttx-export/libs/libnuttx.a(sched-wd_cancel.o)
 .rodata.g_nullstring
                0x0800ab3e        0x7 /home/jj/ardupilot/build/px4-v2/modules/PX4Firmware/px4io-v2/NuttX/nuttx-export/libs/libnuttx.a(c-lib_libvsprintf.o)
 .rodata.str1.1
                0x0800ab45       0x1c /home/jj/ardupilot/build/px4-v2/modules/PX4Firmware/px4io-v2/NuttX/nuttx-export/libs/libnuttx.a(c-lib_libvsprintf.o)
 .rodata        0x0800ab61        0x4 /home/jj/ardupilot/build/px4-v2/modules/PX4Firmware/px4io-v2/NuttX/nuttx-export/libs/libnuttx.a(arch-stm32_vectors.o)
                0x0800ab61                g_idle_topstack
 .rodata.str1.1
                0x0800ab65       0x17 /home/jj/ardupilot/build/px4-v2/modules/PX4Firmware/px4io-v2/NuttX/nuttx-export/libs/libnuttx.a(arch-up_blocktask.o)
 .rodata.str1.1
                0x0800ab7c       0x19 /home/jj/ardupilot/build/px4-v2/modules/PX4Firmware/px4io-v2/NuttX/nuttx-export/libs/libnuttx.a(arch-up_unblocktask.o)
 .rodata.str1.1
                0x0800ab95        0xb /home/jj/ardupilot/build/px4-v2/modules/PX4Firmware/px4io-v2/NuttX/nuttx-export/libs/libnuttx.a(fs-fs_files.o)
 .rodata.str1.1
                0x0800aba0        0xb /home/jj/ardupilot/build/px4-v2/modules/PX4Firmware/px4io-v2/NuttX/nuttx-export/libs/libnuttx.a(fs-fs_inode.o)
 .rodata.str1.1
                0x00000000        0xd /home/jj/ardupilot/build/px4-v2/modules/PX4Firmware/px4io-v2/NuttX/nuttx-export/libs/libnuttx.a(sched-group_setupidlefiles.o)
 .rodata.str1.1
                0x0800abab       0x12 /home/jj/ardupilot/build/px4-v2/modules/PX4Firmware/px4io-v2/NuttX/nuttx-export/libs/libnuttx.a(sched-os_bringup.o)
 .rodata.str1.1
                0x0800abbd       0x13 /home/jj/ardupilot/build/px4-v2/modules/PX4Firmware/px4io-v2/NuttX/nuttx-export/libs/libnuttx.a(sched-sched_addblocked.o)
 .rodata.str1.1
                0x0800abd0       0x17 /home/jj/ardupilot/build/px4-v2/modules/PX4Firmware/px4io-v2/NuttX/nuttx-export/libs/libnuttx.a(sched-sched_addprioritized.o)
 .rodata.str1.1
                0x0800abe7       0x16 /home/jj/ardupilot/build/px4-v2/modules/PX4Firmware/px4io-v2/NuttX/nuttx-export/libs/libnuttx.a(sched-sched_addreadytorun.o)
 .rodata.str1.1
                0x0800abfd       0x15 /home/jj/ardupilot/build/px4-v2/modules/PX4Firmware/px4io-v2/NuttX/nuttx-export/libs/libnuttx.a(sched-sched_mergepending.o)
 .rodata.str1.1
                0x0800ac12       0x16 /home/jj/ardupilot/build/px4-v2/modules/PX4Firmware/px4io-v2/NuttX/nuttx-export/libs/libnuttx.a(sched-sched_removeblocked.o)
 .rodata.str1.1
                0x0800ac28       0x19 /home/jj/ardupilot/build/px4-v2/modules/PX4Firmware/px4io-v2/NuttX/nuttx-export/libs/libnuttx.a(sched-sched_removereadytorun.o)
 .rodata.g_noname
                0x0800ac41        0x9 /home/jj/ardupilot/build/px4-v2/modules/PX4Firmware/px4io-v2/NuttX/nuttx-export/libs/libnuttx.a(sched-task_setup.o)
 .rodata.str1.1
                0x0800ac4a       0x11 /home/jj/ardupilot/build/px4-v2/modules/PX4Firmware/px4io-v2/NuttX/nuttx-export/libs/libnuttx.a(sched-task_terminate.o)
 .rodata.str1.1
                0x0800ac5b        0xd /home/jj/ardupilot/build/px4-v2/modules/PX4Firmware/px4io-v2/NuttX/nuttx-export/libs/libnuttx.a(sched-sched_lock.o)
 *(.gnu.linkonce.t.*)
 *(.glue_7)
 .glue_7        0x00000000        0x0 linker stubs
 *(.glue_7t)
 .glue_7t       0x00000000        0x0 linker stubs
 *(.got)
 *(.gcc_except_table)
 *(.gnu.linkonce.r.*)
                0x0800ac68                _etext = ABSOLUTE (.)
                0x080073ac                __errno = get_errno_ptr

.vfp11_veneer   0x0800ac68        0x0
 .vfp11_veneer  0x00000000        0x0 linker stubs

.v4_bx          0x0800ac68        0x0
 .v4_bx         0x00000000        0x0 linker stubs

.iplt           0x0800ac68        0x0
 .iplt          0x00000000        0x0 CMakeFiles/px4io-v2.dir/adc.c.obj

.init_section   0x0800ac68        0x4
                0x0800ac68                _sinit = ABSOLUTE (.)
 *(.init_array .init_array.*)
 .init_array    0x0800ac68        0x4 CMakeFiles/px4io-v2.dir/mixer.cpp.obj
                0x0800ac6c                _einit = ABSOLUTE (.)

.ARM.extab
 *(.ARM.extab*)
                0x0800ac6c                __exidx_start = ABSOLUTE (.)

.ARM.exidx      0x0800ac6c        0x8
 *(.ARM.exidx*)
 .ARM.exidx     0x0800ac6c        0x8 /opt/gcc-arm-none-eabi-4_9-2015q3/bin/../lib/gcc/arm-none-eabi/4.9.3/armv7-m/libgcc.a(_divdi3.o)
 .ARM.exidx     0x0800ac74        0x0 /opt/gcc-arm-none-eabi-4_9-2015q3/bin/../lib/gcc/arm-none-eabi/4.9.3/armv7-m/libgcc.a(_udivdi3.o)
                                  0x8 (size before relaxing)
                0x0800ac74                __exidx_end = ABSOLUTE (.)
                0x0800ac74                _eronly = ABSOLUTE (.)

.rel.dyn        0x0800ac74        0x0
 .rel.iplt      0x00000000        0x0 CMakeFiles/px4io-v2.dir/adc.c.obj

.data           0x20000000      0x254 load address 0x0800ac74
                0x20000000                _sdata = ABSOLUTE (.)
 *(.data .data.*)
 .data._dsm_fd  0x20000000        0x4 CMakeFiles/px4io-v2.dir/controls.c.obj
 .data._sbus_fd
                0x20000004        0x4 CMakeFiles/px4io-v2.dir/controls.c.obj
                0x20000004                _sbus_fd
 .data.r_page_servo_control_min
                0x20000008       0x20 CMakeFiles/px4io-v2.dir/registers.c.obj
                0x20000008                r_page_servo_control_min
 .data.r_page_servo_control_max
                0x20000028       0x20 CMakeFiles/px4io-v2.dir/registers.c.obj
                0x20000028                r_page_servo_control_max
 .data.r_page_setup
                0x20000048       0x2e CMakeFiles/px4io-v2.dir/registers.c.obj
                0x20000048                r_page_setup
 .data.r_page_config
                0x20000076       0x14 CMakeFiles/px4io-v2.dir/registers.c.obj
                0x20000076                r_page_config
 .data._sumd    0x2000008a        0x1 CMakeFiles/px4io-v2.dir/__/__/lib/rc/sumd.c.obj
                0x2000008a                _sumd
 *fill*         0x2000008b        0x1 
 .data.sbus1_frame_delay
                0x2000008c        0x4 CMakeFiles/px4io-v2.dir/__/__/lib/rc/sbus.c.obj
 .data.sbus_decode_state
                0x20000090        0x2 CMakeFiles/px4io-v2.dir/__/__/lib/rc/sbus.c.obj
 *fill*         0x20000092        0x2 
 .data.dsm_fd   0x20000094        0x4 CMakeFiles/px4io-v2.dir/__/__/lib/rc/dsm.c.obj
 .data.channel_allocations
                0x20000098        0x8 CMakeFiles/px4io-v2.dir/__/__/drivers/stm32/drv_io_timer.c.obj
                0x20000098                channel_allocations
 .data.g_dma    0x200000a0       0x70 /home/jj/ardupilot/build/px4-v2/modules/PX4Firmware/px4io-v2/NuttX/nuttx-export/libs/libnuttx.a(arch-stm32_dma.o)
 .data.g_usart1priv
                0x20000110       0x6c /home/jj/ardupilot/build/px4-v2/modules/PX4Firmware/px4io-v2/NuttX/nuttx-export/libs/libnuttx.a(arch-stm32_serial.o)
 .data.g_usart2priv
                0x2000017c       0x6c /home/jj/ardupilot/build/px4-v2/modules/PX4Firmware/px4io-v2/NuttX/nuttx-export/libs/libnuttx.a(arch-stm32_serial.o)
 .data.g_usart3priv
                0x200001e8       0x6c /home/jj/ardupilot/build/px4-v2/modules/PX4Firmware/px4io-v2/NuttX/nuttx-export/libs/libnuttx.a(arch-stm32_serial.o)
 *(.gnu.linkonce.d.*)
                0x20000254                _edata = ABSOLUTE (.)
                0x20000254                . = ALIGN (0x4)

.igot.plt       0x20000254        0x0 load address 0x0800aec8
 .igot.plt      0x00000000        0x0 CMakeFiles/px4io-v2.dir/adc.c.obj

.bss            0x20000258      0xc56 load address 0x0800aec8
                0x20000258                _sbss = ABSOLUTE (.)
 *(.bss .bss.*)
 .bss.adc_perf  0x20000258        0x4 CMakeFiles/px4io-v2.dir/adc.c.obj
                0x20000258                adc_perf
 .bss.c_gather_dsm
                0x2000025c        0x4 CMakeFiles/px4io-v2.dir/controls.c.obj
 .bss._rssi_adc_counts
                0x20000260        0x4 CMakeFiles/px4io-v2.dir/controls.c.obj
 .bss.link_quality_bits
                0x20000264        0x4 CMakeFiles/px4io-v2.dir/controls.c.obj
 .bss.c_gather_ppm
                0x20000268        0x4 CMakeFiles/px4io-v2.dir/controls.c.obj
 .bss.rc_value_override
                0x2000026c        0x2 CMakeFiles/px4io-v2.dir/controls.c.obj
 *fill*         0x2000026e        0x2 
 .bss.c_gather_sbus
                0x20000270        0x4 CMakeFiles/px4io-v2.dir/controls.c.obj
 .bss.last_msg_counter
                0x20000274        0x4 CMakeFiles/px4io-v2.dir/px4io.c.obj
 .bss.system_state
                0x20000278       0x18 CMakeFiles/px4io-v2.dir/px4io.c.obj
                0x20000278                system_state
 .bss.msg_next_out
                0x20000290        0x1 CMakeFiles/px4io-v2.dir/px4io.c.obj
 *fill*         0x20000291        0x7 
 .bss.serial_dma_call
                0x20000298       0x20 CMakeFiles/px4io-v2.dir/px4io.c.obj
 .bss.last_heartbeat_time.7198
                0x200002b8        0x8 CMakeFiles/px4io-v2.dir/px4io.c.obj
 .bss.last_heater_us
                0x200002c0        0x8 CMakeFiles/px4io-v2.dir/px4io.c.obj
                0x200002c0                last_heater_us
 .bss.msg       0x200002c8       0x28 CMakeFiles/px4io-v2.dir/px4io.c.obj
 .bss.msg_next_in
                0x200002f0        0x1 CMakeFiles/px4io-v2.dir/px4io.c.obj
 *fill*         0x200002f1        0x7 
 .bss.pwm_limit
                0x200002f8       0x10 CMakeFiles/px4io-v2.dir/px4io.c.obj
                0x200002f8                pwm_limit
 .bss.msg_counter
                0x20000308        0x4 CMakeFiles/px4io-v2.dir/px4io.c.obj
 *fill*         0x2000030c        0x4 
 .bss.reboot_time
                0x20000310        0x8 CMakeFiles/px4io-v2.dir/px4io.c.obj
 .bss.heartbeat.7173
                0x20000318        0x1 CMakeFiles/px4io-v2.dir/px4io.c.obj
 *fill*         0x20000319        0x1 
 .bss.r_page_rc_input
                0x2000031a       0x14 CMakeFiles/px4io-v2.dir/registers.c.obj
                0x2000031a                r_page_rc_input
 .bss.r_page_servo_failsafe
                0x2000032e       0x20 CMakeFiles/px4io-v2.dir/registers.c.obj
                0x2000032e                r_page_servo_failsafe
 .bss.r_page_servos
                0x2000034e       0x20 CMakeFiles/px4io-v2.dir/registers.c.obj
                0x2000034e                r_page_servos
 *fill*         0x2000036e        0x2 
 .bss.oneshot_delay_till.7175
                0x20000370        0x8 CMakeFiles/px4io-v2.dir/registers.c.obj
 .bss.r_page_actuators
                0x20000378       0x20 CMakeFiles/px4io-v2.dir/registers.c.obj